[2021-03-04T21:31:06.246-0700][gc,heap] Heap region size: 1M
[2021-03-04T21:31:06.251-0700][gc     ] Using G1
[2021-03-04T21:31:06.251-0700][gc,heap,coops] Heap address: 0x00000000e0000000, size: 512 MB, Compressed Oops mode: 32-bit
[2021-03-04T21:31:06.252-0700][gc,cds       ] Mark closed archive regions in map: [0x00000000ffc00000, 0x00000000ffc6aff8]
[2021-03-04T21:31:06.252-0700][gc,cds       ] Mark open archive regions in map: [0x00000000ff800000, 0x00000000ff846ff8]
[2021-03-04T21:31:07.104-0700][gc,start     ] GC(0) Pause Young (Normal) (G1 Evacuation Pause)
[2021-03-04T21:31:07.105-0700][gc,task      ] GC(0) Using 12 workers of 18 for evacuation
[2021-03-04T21:31:07.111-0700][gc,phases    ] GC(0)   Pre Evacuate Collection Set: 0.0ms
[2021-03-04T21:31:07.111-0700][gc,phases    ] GC(0)   Evacuate Collection Set: 5.4ms
[2021-03-04T21:31:07.111-0700][gc,phases    ] GC(0)   Post Evacuate Collection Set: 0.3ms
[2021-03-04T21:31:07.111-0700][gc,phases    ] GC(0)   Other: 1.3ms
[2021-03-04T21:31:07.111-0700][gc,heap      ] GC(0) Eden regions: 25->0(21)
[2021-03-04T21:31:07.111-0700][gc,heap      ] GC(0) Survivor regions: 0->4(4)
[2021-03-04T21:31:07.111-0700][gc,heap      ] GC(0) Old regions: 2->4
[2021-03-04T21:31:07.111-0700][gc,heap      ] GC(0) Humongous regions: 0->0
[2021-03-04T21:31:07.111-0700][gc,metaspace ] GC(0) Metaspace: 7720K->7720K(1056768K)
[2021-03-04T21:31:07.111-0700][gc           ] GC(0) Pause Young (Normal) (G1 Evacuation Pause) 25M->6M(512M) 7.108ms
[2021-03-04T21:31:07.111-0700][gc,cpu       ] GC(0) User=0.06s Sys=0.01s Real=0.01s
