[2021-03-04T21:31:06.488-0700][gc,heap] Heap region size: 1M
[2021-03-04T21:31:06.497-0700][gc     ] Using G1
[2021-03-04T21:31:06.497-0700][gc,heap,coops] Heap address: 0x00000000c0000000, size: 1024 MB, Compressed Oops mode: 32-bit
[2021-03-04T21:31:06.498-0700][gc,cds       ] Mark closed archive regions in map: [0x00000000ffc00000, 0x00000000ffc6aff8]
[2021-03-04T21:31:06.498-0700][gc,cds       ] Mark open archive regions in map: [0x00000000ff800000, 0x00000000ff846ff8]
[2021-03-04T21:31:07.141-0700][gc,start     ] GC(0) Pause Young (Normal) (G1 Evacuation Pause)
[2021-03-04T21:31:07.143-0700][gc,task      ] GC(0) Using 18 workers of 18 for evacuation
[2021-03-04T21:31:07.149-0700][gc,phases    ] GC(0)   Pre Evacuate Collection Set: 0.0ms
[2021-03-04T21:31:07.149-0700][gc,phases    ] GC(0)   Evacuate Collection Set: 5.5ms
[2021-03-04T21:31:07.149-0700][gc,phases    ] GC(0)   Post Evacuate Collection Set: 0.5ms
[2021-03-04T21:31:07.149-0700][gc,phases    ] GC(0)   Other: 1.8ms
[2021-03-04T21:31:07.149-0700][gc,heap      ] GC(0) Eden regions: 51->0(44)
[2021-03-04T21:31:07.149-0700][gc,heap      ] GC(0) Survivor regions: 0->7(7)
[2021-03-04T21:31:07.149-0700][gc,heap      ] GC(0) Old regions: 2->2
[2021-03-04T21:31:07.149-0700][gc,heap      ] GC(0) Humongous regions: 0->0
[2021-03-04T21:31:07.149-0700][gc,metaspace ] GC(0) Metaspace: 15135K->15135K(1062912K)
[2021-03-04T21:31:07.149-0700][gc           ] GC(0) Pause Young (Normal) (G1 Evacuation Pause) 51M->7M(1024M) 7.840ms
[2021-03-04T21:31:07.149-0700][gc,cpu       ] GC(0) User=0.09s Sys=0.01s Real=0.01s
[2021-03-04T21:31:07.381-0700][gc,start     ] GC(1) Pause Young (Concurrent Start) (Metadata GC Threshold)
[2021-03-04T21:31:07.381-0700][gc,task      ] GC(1) Using 18 workers of 18 for evacuation
[2021-03-04T21:31:07.390-0700][gc,phases    ] GC(1)   Pre Evacuate Collection Set: 0.1ms
[2021-03-04T21:31:07.390-0700][gc,phases    ] GC(1)   Evacuate Collection Set: 7.7ms
[2021-03-04T21:31:07.390-0700][gc,phases    ] GC(1)   Post Evacuate Collection Set: 0.4ms
[2021-03-04T21:31:07.390-0700][gc,phases    ] GC(1)   Other: 0.6ms
[2021-03-04T21:31:07.390-0700][gc,heap      ] GC(1) Eden regions: 22->0(49)
[2021-03-04T21:31:07.390-0700][gc,heap      ] GC(1) Survivor regions: 7->2(7)
[2021-03-04T21:31:07.390-0700][gc,heap      ] GC(1) Old regions: 2->9
[2021-03-04T21:31:07.390-0700][gc,heap      ] GC(1) Humongous regions: 0->0
[2021-03-04T21:31:07.390-0700][gc,metaspace ] GC(1) Metaspace: 20529K->20529K(1067008K)
[2021-03-04T21:31:07.390-0700][gc           ] GC(1) Pause Young (Concurrent Start) (Metadata GC Threshold) 29M->7M(1024M) 8.697ms
[2021-03-04T21:31:07.390-0700][gc,cpu       ] GC(1) User=0.07s Sys=0.01s Real=0.01s
[2021-03-04T21:31:07.390-0700][gc           ] GC(2) Concurrent Cycle
[2021-03-04T21:31:07.390-0700][gc,marking   ] GC(2) Concurrent Clear Claimed Marks
[2021-03-04T21:31:07.390-0700][gc,marking   ] GC(2) Concurrent Clear Claimed Marks 0.018ms
[2021-03-04T21:31:07.390-0700][gc,marking   ] GC(2) Concurrent Scan Root Regions
[2021-03-04T21:31:07.391-0700][gc,marking   ] GC(2) Concurrent Scan Root Regions 0.845ms
[2021-03-04T21:31:07.391-0700][gc,marking   ] GC(2) Concurrent Mark (0.907s)
[2021-03-04T21:31:07.391-0700][gc,marking   ] GC(2) Concurrent Mark From Roots
[2021-03-04T21:31:07.391-0700][gc,task      ] GC(2) Using 5 workers of 5 for marking
[2021-03-04T21:31:07.395-0700][gc,marking   ] GC(2) Concurrent Mark From Roots 4.021ms
[2021-03-04T21:31:07.395-0700][gc,marking   ] GC(2) Concurrent Preclean
[2021-03-04T21:31:07.395-0700][gc,marking   ] GC(2) Concurrent Preclean 0.220ms
[2021-03-04T21:31:07.395-0700][gc,marking   ] GC(2) Concurrent Mark (0.907s, 0.912s) 4.253ms
[2021-03-04T21:31:07.395-0700][gc,start     ] GC(2) Pause Remark
[2021-03-04T21:31:07.397-0700][gc,stringtable] GC(2) Cleaned string and symbol table, strings: 5008 processed, 0 removed, symbols: 49642 processed, 43 removed
[2021-03-04T21:31:07.397-0700][gc            ] GC(2) Pause Remark 8M->8M(1024M) 1.471ms
[2021-03-04T21:31:07.397-0700][gc,cpu        ] GC(2) User=0.01s Sys=0.00s Real=0.00s
[2021-03-04T21:31:07.397-0700][gc,marking    ] GC(2) Concurrent Rebuild Remembered Sets
[2021-03-04T21:31:07.399-0700][gc,marking    ] GC(2) Concurrent Rebuild Remembered Sets 1.912ms
[2021-03-04T21:31:07.399-0700][gc,start      ] GC(2) Pause Cleanup
[2021-03-04T21:31:07.399-0700][gc            ] GC(2) Pause Cleanup 9M->9M(1024M) 0.190ms
[2021-03-04T21:31:07.399-0700][gc,cpu        ] GC(2) User=0.00s Sys=0.00s Real=0.00s
[2021-03-04T21:31:07.399-0700][gc,marking    ] GC(2) Concurrent Cleanup for Next Mark
[2021-03-04T21:31:07.401-0700][gc,marking    ] GC(2) Concurrent Cleanup for Next Mark 1.968ms
[2021-03-04T21:31:07.401-0700][gc            ] GC(2) Concurrent Cycle 11.064ms
[2021-03-04T21:31:07.889-0700][gc,start      ] GC(3) Pause Young (Normal) (G1 Evacuation Pause)
[2021-03-04T21:31:07.889-0700][gc,task       ] GC(3) Using 18 workers of 18 for evacuation
[2021-03-04T21:31:07.893-0700][gc,phases     ] GC(3)   Pre Evacuate Collection Set: 0.0ms
[2021-03-04T21:31:07.893-0700][gc,phases     ] GC(3)   Evacuate Collection Set: 3.4ms
[2021-03-04T21:31:07.893-0700][gc,phases     ] GC(3)   Post Evacuate Collection Set: 0.4ms
[2021-03-04T21:31:07.893-0700][gc,phases     ] GC(3)   Other: 0.1ms
[2021-03-04T21:31:07.893-0700][gc,heap       ] GC(3) Eden regions: 49->0(47)
[2021-03-04T21:31:07.893-0700][gc,heap       ] GC(3) Survivor regions: 2->4(7)
[2021-03-04T21:31:07.893-0700][gc,heap       ] GC(3) Old regions: 9->9
[2021-03-04T21:31:07.893-0700][gc,heap       ] GC(3) Humongous regions: 129->129
[2021-03-04T21:31:07.893-0700][gc,metaspace  ] GC(3) Metaspace: 28848K->28848K(1075200K)
[2021-03-04T21:31:07.893-0700][gc            ] GC(3) Pause Young (Normal) (G1 Evacuation Pause) 185M->139M(1024M) 3.986ms
[2021-03-04T21:31:07.893-0700][gc,cpu        ] GC(3) User=0.07s Sys=0.00s Real=0.01s
[2021-03-04T21:31:08.121-0700][gc,start      ] GC(4) Pause Young (Concurrent Start) (Metadata GC Threshold)
[2021-03-04T21:31:08.121-0700][gc,task       ] GC(4) Using 18 workers of 18 for evacuation
[2021-03-04T21:31:08.125-0700][gc,phases     ] GC(4)   Pre Evacuate Collection Set: 0.1ms
[2021-03-04T21:31:08.125-0700][gc,phases     ] GC(4)   Evacuate Collection Set: 2.9ms
[2021-03-04T21:31:08.125-0700][gc,phases     ] GC(4)   Post Evacuate Collection Set: 0.4ms
[2021-03-04T21:31:08.125-0700][gc,phases     ] GC(4)   Other: 0.3ms
[2021-03-04T21:31:08.125-0700][gc,heap       ] GC(4) Eden regions: 28->0(45)
[2021-03-04T21:31:08.125-0700][gc,heap       ] GC(4) Survivor regions: 4->6(7)
[2021-03-04T21:31:08.125-0700][gc,heap       ] GC(4) Old regions: 9->9
[2021-03-04T21:31:08.125-0700][gc,heap       ] GC(4) Humongous regions: 129->129
[2021-03-04T21:31:08.125-0700][gc,metaspace  ] GC(4) Metaspace: 34646K->34646K(1081344K)
[2021-03-04T21:31:08.125-0700][gc            ] GC(4) Pause Young (Concurrent Start) (Metadata GC Threshold) 167M->142M(1024M) 3.722ms
[2021-03-04T21:31:08.125-0700][gc,cpu        ] GC(4) User=0.04s Sys=0.00s Real=0.01s
[2021-03-04T21:31:08.125-0700][gc            ] GC(5) Concurrent Cycle
[2021-03-04T21:31:08.125-0700][gc,marking    ] GC(5) Concurrent Clear Claimed Marks
[2021-03-04T21:31:08.125-0700][gc,marking    ] GC(5) Concurrent Clear Claimed Marks 0.029ms
[2021-03-04T21:31:08.125-0700][gc,marking    ] GC(5) Concurrent Scan Root Regions
[2021-03-04T21:31:08.126-0700][gc,marking    ] GC(5) Concurrent Scan Root Regions 1.072ms
[2021-03-04T21:31:08.126-0700][gc,marking    ] GC(5) Concurrent Mark (1.642s)
[2021-03-04T21:31:08.126-0700][gc,marking    ] GC(5) Concurrent Mark From Roots
[2021-03-04T21:31:08.126-0700][gc,task       ] GC(5) Using 5 workers of 5 for marking
[2021-03-04T21:31:08.130-0700][gc,marking    ] GC(5) Concurrent Mark From Roots 4.455ms
[2021-03-04T21:31:08.130-0700][gc,marking    ] GC(5) Concurrent Preclean
[2021-03-04T21:31:08.131-0700][gc,marking    ] GC(5) Concurrent Preclean 0.224ms
[2021-03-04T21:31:08.131-0700][gc,marking    ] GC(5) Concurrent Mark (1.642s, 1.647s) 4.692ms
[2021-03-04T21:31:08.131-0700][gc,start      ] GC(5) Pause Remark
[2021-03-04T21:31:08.132-0700][gc,stringtable] GC(5) Cleaned string and symbol table, strings: 9679 processed, 9 removed, symbols: 80603 processed, 9 removed
[2021-03-04T21:31:08.133-0700][gc            ] GC(5) Pause Remark 143M->143M(1024M) 1.974ms
[2021-03-04T21:31:08.133-0700][gc,cpu        ] GC(5) User=0.03s Sys=0.00s Real=0.00s
[2021-03-04T21:31:08.133-0700][gc,marking    ] GC(5) Concurrent Rebuild Remembered Sets
[2021-03-04T21:31:08.135-0700][gc,marking    ] GC(5) Concurrent Rebuild Remembered Sets 1.850ms
[2021-03-04T21:31:08.135-0700][gc,start      ] GC(5) Pause Cleanup
[2021-03-04T21:31:08.135-0700][gc            ] GC(5) Pause Cleanup 143M->143M(1024M) 0.162ms
[2021-03-04T21:31:08.135-0700][gc,cpu        ] GC(5) User=0.00s Sys=0.00s Real=0.00s
[2021-03-04T21:31:08.135-0700][gc,marking    ] GC(5) Concurrent Cleanup for Next Mark
[2021-03-04T21:31:08.137-0700][gc,marking    ] GC(5) Concurrent Cleanup for Next Mark 2.036ms
[2021-03-04T21:31:08.137-0700][gc            ] GC(5) Concurrent Cycle 12.223ms
