[2021-03-04T19:50:53.762-0700][gc,heap] Heap region size: 1M
[2021-03-04T19:50:53.771-0700][gc     ] Using G1
[2021-03-04T19:50:53.771-0700][gc,heap,coops] Heap address: 0x00000000c0000000, size: 1024 MB, Compressed Oops mode: 32-bit
[2021-03-04T19:50:53.771-0700][gc,cds       ] Mark closed archive regions in map: [0x00000000ffc00000, 0x00000000ffc6aff8]
[2021-03-04T19:50:53.771-0700][gc,cds       ] Mark open archive regions in map: [0x00000000ff800000, 0x00000000ff846ff8]
[2021-03-04T19:50:54.420-0700][gc,start     ] GC(0) Pause Young (Normal) (G1 Evacuation Pause)
[2021-03-04T19:50:54.422-0700][gc,task      ] GC(0) Using 18 workers of 18 for evacuation
[2021-03-04T19:50:54.428-0700][gc,phases    ] GC(0)   Pre Evacuate Collection Set: 0.0ms
[2021-03-04T19:50:54.428-0700][gc,phases    ] GC(0)   Evacuate Collection Set: 5.9ms
[2021-03-04T19:50:54.428-0700][gc,phases    ] GC(0)   Post Evacuate Collection Set: 0.5ms
[2021-03-04T19:50:54.428-0700][gc,phases    ] GC(0)   Other: 2.0ms
[2021-03-04T19:50:54.428-0700][gc,heap      ] GC(0) Eden regions: 51->0(44)
[2021-03-04T19:50:54.428-0700][gc,heap      ] GC(0) Survivor regions: 0->7(7)
[2021-03-04T19:50:54.428-0700][gc,heap      ] GC(0) Old regions: 2->2
[2021-03-04T19:50:54.428-0700][gc,heap      ] GC(0) Humongous regions: 0->0
[2021-03-04T19:50:54.428-0700][gc,metaspace ] GC(0) Metaspace: 15122K->15122K(1062912K)
[2021-03-04T19:50:54.428-0700][gc           ] GC(0) Pause Young (Normal) (G1 Evacuation Pause) 51M->7M(1024M) 8.434ms
[2021-03-04T19:50:54.428-0700][gc,cpu       ] GC(0) User=0.08s Sys=0.04s Real=0.01s
[2021-03-04T19:50:54.645-0700][gc,start     ] GC(1) Pause Young (Concurrent Start) (Metadata GC Threshold)
[2021-03-04T19:50:54.645-0700][gc,task      ] GC(1) Using 18 workers of 18 for evacuation
[2021-03-04T19:50:54.653-0700][gc,phases    ] GC(1)   Pre Evacuate Collection Set: 0.1ms
[2021-03-04T19:50:54.653-0700][gc,phases    ] GC(1)   Evacuate Collection Set: 8.0ms
[2021-03-04T19:50:54.653-0700][gc,phases    ] GC(1)   Post Evacuate Collection Set: 0.4ms
[2021-03-04T19:50:54.653-0700][gc,phases    ] GC(1)   Other: 0.3ms
[2021-03-04T19:50:54.653-0700][gc,heap      ] GC(1) Eden regions: 23->0(49)
[2021-03-04T19:50:54.653-0700][gc,heap      ] GC(1) Survivor regions: 7->2(7)
[2021-03-04T19:50:54.653-0700][gc,heap      ] GC(1) Old regions: 2->9
[2021-03-04T19:50:54.653-0700][gc,heap      ] GC(1) Humongous regions: 0->0
[2021-03-04T19:50:54.653-0700][gc,metaspace ] GC(1) Metaspace: 20612K->20612K(1067008K)
[2021-03-04T19:50:54.653-0700][gc           ] GC(1) Pause Young (Concurrent Start) (Metadata GC Threshold) 30M->8M(1024M) 8.764ms
[2021-03-04T19:50:54.653-0700][gc,cpu       ] GC(1) User=0.07s Sys=0.00s Real=0.01s
[2021-03-04T19:50:54.653-0700][gc           ] GC(2) Concurrent Cycle
[2021-03-04T19:50:54.653-0700][gc,marking   ] GC(2) Concurrent Clear Claimed Marks
[2021-03-04T19:50:54.653-0700][gc,marking   ] GC(2) Concurrent Clear Claimed Marks 0.015ms
[2021-03-04T19:50:54.653-0700][gc,marking   ] GC(2) Concurrent Scan Root Regions
[2021-03-04T19:50:54.654-0700][gc,marking   ] GC(2) Concurrent Scan Root Regions 0.802ms
[2021-03-04T19:50:54.654-0700][gc,marking   ] GC(2) Concurrent Mark (0.897s)
[2021-03-04T19:50:54.654-0700][gc,marking   ] GC(2) Concurrent Mark From Roots
[2021-03-04T19:50:54.655-0700][gc,task      ] GC(2) Using 5 workers of 5 for marking
[2021-03-04T19:50:54.658-0700][gc,marking   ] GC(2) Concurrent Mark From Roots 3.278ms
[2021-03-04T19:50:54.658-0700][gc,marking   ] GC(2) Concurrent Preclean
[2021-03-04T19:50:54.658-0700][gc,marking   ] GC(2) Concurrent Preclean 0.180ms
[2021-03-04T19:50:54.658-0700][gc,marking   ] GC(2) Concurrent Mark (0.897s, 0.901s) 3.470ms
[2021-03-04T19:50:54.658-0700][gc,start     ] GC(2) Pause Remark
[2021-03-04T19:50:54.660-0700][gc,stringtable] GC(2) Cleaned string and symbol table, strings: 5020 processed, 0 removed, symbols: 49714 processed, 43 removed
[2021-03-04T19:50:54.660-0700][gc            ] GC(2) Pause Remark 8M->8M(1024M) 1.954ms
[2021-03-04T19:50:54.660-0700][gc,cpu        ] GC(2) User=0.02s Sys=0.00s Real=0.00s
[2021-03-04T19:50:54.660-0700][gc,marking    ] GC(2) Concurrent Rebuild Remembered Sets
[2021-03-04T19:50:54.662-0700][gc,marking    ] GC(2) Concurrent Rebuild Remembered Sets 1.858ms
[2021-03-04T19:50:54.662-0700][gc,start      ] GC(2) Pause Cleanup
[2021-03-04T19:50:54.662-0700][gc            ] GC(2) Pause Cleanup 9M->9M(1024M) 0.159ms
[2021-03-04T19:50:54.662-0700][gc,cpu        ] GC(2) User=0.00s Sys=0.00s Real=0.00s
[2021-03-04T19:50:54.662-0700][gc,marking    ] GC(2) Concurrent Cleanup for Next Mark
[2021-03-04T19:50:54.664-0700][gc,marking    ] GC(2) Concurrent Cleanup for Next Mark 2.026ms
[2021-03-04T19:50:54.664-0700][gc            ] GC(2) Concurrent Cycle 10.606ms
[2021-03-04T19:50:55.156-0700][gc,start      ] GC(3) Pause Young (Normal) (G1 Evacuation Pause)
[2021-03-04T19:50:55.157-0700][gc,task       ] GC(3) Using 18 workers of 18 for evacuation
[2021-03-04T19:50:55.159-0700][gc,phases     ] GC(3)   Pre Evacuate Collection Set: 0.0ms
[2021-03-04T19:50:55.159-0700][gc,phases     ] GC(3)   Evacuate Collection Set: 2.1ms
[2021-03-04T19:50:55.159-0700][gc,phases     ] GC(3)   Post Evacuate Collection Set: 0.5ms
[2021-03-04T19:50:55.159-0700][gc,phases     ] GC(3)   Other: 0.2ms
[2021-03-04T19:50:55.159-0700][gc,heap       ] GC(3) Eden regions: 49->0(47)
[2021-03-04T19:50:55.159-0700][gc,heap       ] GC(3) Survivor regions: 2->4(7)
[2021-03-04T19:50:55.159-0700][gc,heap       ] GC(3) Old regions: 9->9
[2021-03-04T19:50:55.159-0700][gc,heap       ] GC(3) Humongous regions: 129->129
[2021-03-04T19:50:55.159-0700][gc,metaspace  ] GC(3) Metaspace: 28928K->28928K(1075200K)
[2021-03-04T19:50:55.159-0700][gc            ] GC(3) Pause Young (Normal) (G1 Evacuation Pause) 186M->139M(1024M) 2.824ms
[2021-03-04T19:50:55.159-0700][gc,cpu        ] GC(3) User=0.04s Sys=0.00s Real=0.00s
[2021-03-04T19:50:55.366-0700][gc,start      ] GC(4) Pause Young (Concurrent Start) (Metadata GC Threshold)
[2021-03-04T19:50:55.366-0700][gc,task       ] GC(4) Using 18 workers of 18 for evacuation
[2021-03-04T19:50:55.370-0700][gc,phases     ] GC(4)   Pre Evacuate Collection Set: 0.1ms
[2021-03-04T19:50:55.370-0700][gc,phases     ] GC(4)   Evacuate Collection Set: 3.4ms
[2021-03-04T19:50:55.370-0700][gc,phases     ] GC(4)   Post Evacuate Collection Set: 0.4ms
[2021-03-04T19:50:55.370-0700][gc,phases     ] GC(4)   Other: 0.3ms
[2021-03-04T19:50:55.370-0700][gc,heap       ] GC(4) Eden regions: 26->0(45)
[2021-03-04T19:50:55.370-0700][gc,heap       ] GC(4) Survivor regions: 4->6(7)
[2021-03-04T19:50:55.370-0700][gc,heap       ] GC(4) Old regions: 9->9
[2021-03-04T19:50:55.370-0700][gc,heap       ] GC(4) Humongous regions: 129->129
[2021-03-04T19:50:55.370-0700][gc,metaspace  ] GC(4) Metaspace: 34542K->34542K(1081344K)
[2021-03-04T19:50:55.370-0700][gc            ] GC(4) Pause Young (Concurrent Start) (Metadata GC Threshold) 165M->142M(1024M) 4.236ms
[2021-03-04T19:50:55.370-0700][gc,cpu        ] GC(4) User=0.05s Sys=0.00s Real=0.00s
[2021-03-04T19:50:55.370-0700][gc            ] GC(5) Concurrent Cycle
[2021-03-04T19:50:55.370-0700][gc,marking    ] GC(5) Concurrent Clear Claimed Marks
[2021-03-04T19:50:55.370-0700][gc,marking    ] GC(5) Concurrent Clear Claimed Marks 0.030ms
[2021-03-04T19:50:55.370-0700][gc,marking    ] GC(5) Concurrent Scan Root Regions
[2021-03-04T19:50:55.371-0700][gc,marking    ] GC(5) Concurrent Scan Root Regions 0.923ms
[2021-03-04T19:50:55.371-0700][gc,marking    ] GC(5) Concurrent Mark (1.614s)
[2021-03-04T19:50:55.371-0700][gc,marking    ] GC(5) Concurrent Mark From Roots
[2021-03-04T19:50:55.371-0700][gc,task       ] GC(5) Using 5 workers of 5 for marking
[2021-03-04T19:50:55.376-0700][gc,marking    ] GC(5) Concurrent Mark From Roots 4.492ms
[2021-03-04T19:50:55.376-0700][gc,marking    ] GC(5) Concurrent Preclean
[2021-03-04T19:50:55.376-0700][gc,marking    ] GC(5) Concurrent Preclean 0.212ms
[2021-03-04T19:50:55.376-0700][gc,marking    ] GC(5) Concurrent Mark (1.614s, 1.619s) 4.730ms
[2021-03-04T19:50:55.376-0700][gc,start      ] GC(5) Pause Remark
[2021-03-04T19:50:55.378-0700][gc,stringtable] GC(5) Cleaned string and symbol table, strings: 9666 processed, 9 removed, symbols: 80595 processed, 9 removed
[2021-03-04T19:50:55.378-0700][gc            ] GC(5) Pause Remark 143M->143M(1024M) 1.995ms
[2021-03-04T19:50:55.378-0700][gc,cpu        ] GC(5) User=0.02s Sys=0.00s Real=0.00s
[2021-03-04T19:50:55.378-0700][gc,marking    ] GC(5) Concurrent Rebuild Remembered Sets
[2021-03-04T19:50:55.380-0700][gc,marking    ] GC(5) Concurrent Rebuild Remembered Sets 1.711ms
[2021-03-04T19:50:55.380-0700][gc,start      ] GC(5) Pause Cleanup
[2021-03-04T19:50:55.380-0700][gc            ] GC(5) Pause Cleanup 144M->144M(1024M) 0.170ms
[2021-03-04T19:50:55.380-0700][gc,cpu        ] GC(5) User=0.00s Sys=0.00s Real=0.00s
[2021-03-04T19:50:55.380-0700][gc,marking    ] GC(5) Concurrent Cleanup for Next Mark
[2021-03-04T19:50:55.382-0700][gc,marking    ] GC(5) Concurrent Cleanup for Next Mark 2.062ms
[2021-03-04T19:50:55.382-0700][gc            ] GC(5) Concurrent Cycle 12.067ms
[2021-03-04T20:02:24.870-0700][gc,start      ] GC(6) Pause Young (Normal) (G1 Evacuation Pause)
[2021-03-04T20:02:24.870-0700][gc,task       ] GC(6) Using 18 workers of 18 for evacuation
[2021-03-04T20:02:24.879-0700][gc,phases     ] GC(6)   Pre Evacuate Collection Set: 0.1ms
[2021-03-04T20:02:24.879-0700][gc,phases     ] GC(6)   Evacuate Collection Set: 6.5ms
[2021-03-04T20:02:24.879-0700][gc,phases     ] GC(6)   Post Evacuate Collection Set: 1.6ms
[2021-03-04T20:02:24.879-0700][gc,phases     ] GC(6)   Other: 0.5ms
[2021-03-04T20:02:24.879-0700][gc,heap       ] GC(6) Eden regions: 45->0(47)
[2021-03-04T20:02:24.879-0700][gc,heap       ] GC(6) Survivor regions: 6->4(7)
[2021-03-04T20:02:24.879-0700][gc,heap       ] GC(6) Old regions: 9->13
[2021-03-04T20:02:24.879-0700][gc,heap       ] GC(6) Humongous regions: 219->129
[2021-03-04T20:02:24.879-0700][gc,metaspace  ] GC(6) Metaspace: 39579K->39579K(1085440K)
[2021-03-04T20:02:24.879-0700][gc            ] GC(6) Pause Young (Normal) (G1 Evacuation Pause) 277M->143M(1024M) 8.827ms
[2021-03-04T20:02:24.879-0700][gc,cpu        ] GC(6) User=0.06s Sys=0.02s Real=0.01s
[2021-03-04T20:09:01.319-0700][gc,start      ] GC(7) Pause Young (Normal) (G1 Evacuation Pause)
[2021-03-04T20:09:01.319-0700][gc,task       ] GC(7) Using 18 workers of 18 for evacuation
[2021-03-04T20:09:01.324-0700][gc,phases     ] GC(7)   Pre Evacuate Collection Set: 0.0ms
[2021-03-04T20:09:01.324-0700][gc,phases     ] GC(7)   Evacuate Collection Set: 3.2ms
[2021-03-04T20:09:01.324-0700][gc,phases     ] GC(7)   Post Evacuate Collection Set: 0.9ms
[2021-03-04T20:09:01.324-0700][gc,phases     ] GC(7)   Other: 0.6ms
[2021-03-04T20:09:01.324-0700][gc,heap       ] GC(7) Eden regions: 47->0(46)
[2021-03-04T20:09:01.324-0700][gc,heap       ] GC(7) Survivor regions: 4->5(7)
[2021-03-04T20:09:01.324-0700][gc,heap       ] GC(7) Old regions: 13->13
[2021-03-04T20:09:01.324-0700][gc,heap       ] GC(7) Humongous regions: 129->129
[2021-03-04T20:09:01.324-0700][gc,metaspace  ] GC(7) Metaspace: 42093K->42093K(1087488K)
[2021-03-04T20:09:01.324-0700][gc            ] GC(7) Pause Young (Normal) (G1 Evacuation Pause) 190M->144M(1024M) 4.753ms
[2021-03-04T20:09:01.324-0700][gc,cpu        ] GC(7) User=0.06s Sys=0.00s Real=0.01s
[2021-03-04T20:09:16.632-0700][gc,start      ] GC(8) Pause Young (Normal) (G1 Evacuation Pause)
[2021-03-04T20:09:16.632-0700][gc,task       ] GC(8) Using 18 workers of 18 for evacuation
[2021-03-04T20:09:16.641-0700][gc,phases     ] GC(8)   Pre Evacuate Collection Set: 3.8ms
[2021-03-04T20:09:16.641-0700][gc,phases     ] GC(8)   Evacuate Collection Set: 3.9ms
[2021-03-04T20:09:16.641-0700][gc,phases     ] GC(8)   Post Evacuate Collection Set: 1.4ms
[2021-03-04T20:09:16.641-0700][gc,phases     ] GC(8)   Other: 0.5ms
[2021-03-04T20:09:16.641-0700][gc,heap       ] GC(8) Eden regions: 46->0(47)
[2021-03-04T20:09:16.641-0700][gc,heap       ] GC(8) Survivor regions: 5->4(7)
[2021-03-04T20:09:16.641-0700][gc,heap       ] GC(8) Old regions: 13->15
[2021-03-04T20:09:16.641-0700][gc,heap       ] GC(8) Humongous regions: 129->129
[2021-03-04T20:09:16.641-0700][gc,metaspace  ] GC(8) Metaspace: 42124K->42124K(1087488K)
[2021-03-04T20:09:16.641-0700][gc            ] GC(8) Pause Young (Normal) (G1 Evacuation Pause) 190M->144M(1024M) 9.635ms
[2021-03-04T20:09:16.641-0700][gc,cpu        ] GC(8) User=0.07s Sys=0.00s Real=0.00s
[2021-03-04T20:09:17.204-0700][gc,start      ] GC(9) Pause Young (Normal) (G1 Evacuation Pause)
[2021-03-04T20:09:17.204-0700][gc,task       ] GC(9) Using 18 workers of 18 for evacuation
[2021-03-04T20:09:17.207-0700][gc,phases     ] GC(9)   Pre Evacuate Collection Set: 0.0ms
[2021-03-04T20:09:17.207-0700][gc,phases     ] GC(9)   Evacuate Collection Set: 1.9ms
[2021-03-04T20:09:17.207-0700][gc,phases     ] GC(9)   Post Evacuate Collection Set: 1.3ms
[2021-03-04T20:09:17.207-0700][gc,phases     ] GC(9)   Other: 0.2ms
[2021-03-04T20:09:17.207-0700][gc,heap       ] GC(9) Eden regions: 47->0(48)
[2021-03-04T20:09:17.207-0700][gc,heap       ] GC(9) Survivor regions: 4->3(7)
[2021-03-04T20:09:17.207-0700][gc,heap       ] GC(9) Old regions: 15->15
[2021-03-04T20:09:17.207-0700][gc,heap       ] GC(9) Humongous regions: 129->129
[2021-03-04T20:09:17.207-0700][gc,metaspace  ] GC(9) Metaspace: 42125K->42125K(1087488K)
[2021-03-04T20:09:17.208-0700][gc            ] GC(9) Pause Young (Normal) (G1 Evacuation Pause) 191M->144M(1024M) 3.435ms
[2021-03-04T20:09:17.208-0700][gc,cpu        ] GC(9) User=0.04s Sys=0.00s Real=0.00s
[2021-03-04T20:14:31.109-0700][gc,start      ] GC(10) Pause Young (Normal) (G1 Evacuation Pause)
[2021-03-04T20:14:31.109-0700][gc,task       ] GC(10) Using 18 workers of 18 for evacuation
[2021-03-04T20:14:31.115-0700][gc,phases     ] GC(10)   Pre Evacuate Collection Set: 1.1ms
[2021-03-04T20:14:31.115-0700][gc,phases     ] GC(10)   Evacuate Collection Set: 3.8ms
[2021-03-04T20:14:31.115-0700][gc,phases     ] GC(10)   Post Evacuate Collection Set: 1.1ms
[2021-03-04T20:14:31.115-0700][gc,phases     ] GC(10)   Other: 0.6ms
[2021-03-04T20:14:31.115-0700][gc,heap       ] GC(10) Eden regions: 48->0(51)
[2021-03-04T20:14:31.115-0700][gc,heap       ] GC(10) Survivor regions: 3->3(7)
[2021-03-04T20:14:31.115-0700][gc,heap       ] GC(10) Old regions: 15->15
[2021-03-04T20:14:31.115-0700][gc,heap       ] GC(10) Humongous regions: 129->129
[2021-03-04T20:14:31.115-0700][gc,metaspace  ] GC(10) Metaspace: 42330K->42330K(1087488K)
[2021-03-04T20:14:31.115-0700][gc            ] GC(10) Pause Young (Normal) (G1 Evacuation Pause) 192M->144M(1024M) 6.536ms
[2021-03-04T20:14:31.115-0700][gc,cpu        ] GC(10) User=0.06s Sys=0.00s Real=0.01s
[2021-03-04T20:16:10.025-0700][gc,start      ] GC(11) Pause Young (Normal) (G1 Evacuation Pause)
[2021-03-04T20:16:10.026-0700][gc,task       ] GC(11) Using 18 workers of 18 for evacuation
[2021-03-04T20:16:10.031-0700][gc,phases     ] GC(11)   Pre Evacuate Collection Set: 0.0ms
[2021-03-04T20:16:10.031-0700][gc,phases     ] GC(11)   Evacuate Collection Set: 3.4ms
[2021-03-04T20:16:10.031-0700][gc,phases     ] GC(11)   Post Evacuate Collection Set: 1.8ms
[2021-03-04T20:16:10.031-0700][gc,phases     ] GC(11)   Other: 0.4ms
[2021-03-04T20:16:10.031-0700][gc,heap       ] GC(11) Eden regions: 51->0(57)
[2021-03-04T20:16:10.031-0700][gc,heap       ] GC(11) Survivor regions: 3->3(7)
[2021-03-04T20:16:10.031-0700][gc,heap       ] GC(11) Old regions: 15->15
[2021-03-04T20:16:10.031-0700][gc,heap       ] GC(11) Humongous regions: 129->129
[2021-03-04T20:16:10.031-0700][gc,metaspace  ] GC(11) Metaspace: 42366K->42366K(1087488K)
[2021-03-04T20:16:10.031-0700][gc            ] GC(11) Pause Young (Normal) (G1 Evacuation Pause) 195M->144M(1024M) 5.576ms
[2021-03-04T20:16:10.031-0700][gc,cpu        ] GC(11) User=0.06s Sys=0.00s Real=0.01s
[2021-03-04T20:16:31.966-0700][gc,start      ] GC(12) Pause Young (Normal) (G1 Evacuation Pause)
[2021-03-04T20:16:31.966-0700][gc,task       ] GC(12) Using 18 workers of 18 for evacuation
[2021-03-04T20:16:31.969-0700][gc,phases     ] GC(12)   Pre Evacuate Collection Set: 0.0ms
[2021-03-04T20:16:31.969-0700][gc,phases     ] GC(12)   Evacuate Collection Set: 2.1ms
[2021-03-04T20:16:31.969-0700][gc,phases     ] GC(12)   Post Evacuate Collection Set: 0.8ms
[2021-03-04T20:16:31.969-0700][gc,phases     ] GC(12)   Other: 0.6ms
[2021-03-04T20:16:31.969-0700][gc,heap       ] GC(12) Eden regions: 57->0(63)
[2021-03-04T20:16:31.969-0700][gc,heap       ] GC(12) Survivor regions: 3->4(8)
[2021-03-04T20:16:31.969-0700][gc,heap       ] GC(12) Old regions: 15->15
[2021-03-04T20:16:31.969-0700][gc,heap       ] GC(12) Humongous regions: 129->129
[2021-03-04T20:16:31.969-0700][gc,metaspace  ] GC(12) Metaspace: 42370K->42370K(1087488K)
[2021-03-04T20:16:31.969-0700][gc            ] GC(12) Pause Young (Normal) (G1 Evacuation Pause) 201M->144M(1024M) 3.499ms
[2021-03-04T20:16:31.969-0700][gc,cpu        ] GC(12) User=0.04s Sys=0.00s Real=0.00s
[2021-03-04T20:47:00.487-0700][gc,start      ] GC(13) Pause Young (Normal) (G1 Evacuation Pause)
[2021-03-04T20:47:00.487-0700][gc,task       ] GC(13) Using 18 workers of 18 for evacuation
[2021-03-04T20:47:00.498-0700][gc,phases     ] GC(13)   Pre Evacuate Collection Set: 0.8ms
[2021-03-04T20:47:00.498-0700][gc,phases     ] GC(13)   Evacuate Collection Set: 6.9ms
[2021-03-04T20:47:00.498-0700][gc,phases     ] GC(13)   Post Evacuate Collection Set: 2.9ms
[2021-03-04T20:47:00.498-0700][gc,phases     ] GC(13)   Other: 0.6ms
[2021-03-04T20:47:00.498-0700][gc,heap       ] GC(13) Eden regions: 63->0(238)
[2021-03-04T20:47:00.498-0700][gc,heap       ] GC(13) Survivor regions: 4->4(9)
[2021-03-04T20:47:00.498-0700][gc,heap       ] GC(13) Old regions: 15->15
[2021-03-04T20:47:00.498-0700][gc,heap       ] GC(13) Humongous regions: 129->129
[2021-03-04T20:47:00.498-0700][gc,metaspace  ] GC(13) Metaspace: 42569K->42569K(1087488K)
[2021-03-04T20:47:00.498-0700][gc            ] GC(13) Pause Young (Normal) (G1 Evacuation Pause) 207M->145M(1024M) 11.180ms
[2021-03-04T20:47:00.498-0700][gc,cpu        ] GC(13) User=0.10s Sys=0.01s Real=0.01s
[2021-03-04T21:03:21.311-0700][gc,start      ] GC(14) Pause Young (Normal) (G1 Evacuation Pause)
[2021-03-04T21:03:21.311-0700][gc,task       ] GC(14) Using 18 workers of 18 for evacuation
[2021-03-04T21:03:21.319-0700][gc,phases     ] GC(14)   Pre Evacuate Collection Set: 0.6ms
[2021-03-04T21:03:21.319-0700][gc,phases     ] GC(14)   Evacuate Collection Set: 5.0ms
[2021-03-04T21:03:21.319-0700][gc,phases     ] GC(14)   Post Evacuate Collection Set: 1.9ms
[2021-03-04T21:03:21.319-0700][gc,phases     ] GC(14)   Other: 0.5ms
[2021-03-04T21:03:21.319-0700][gc,heap       ] GC(14) Eden regions: 238->0(265)
[2021-03-04T21:03:21.319-0700][gc,heap       ] GC(14) Survivor regions: 4->4(31)
[2021-03-04T21:03:21.319-0700][gc,heap       ] GC(14) Old regions: 15->15
[2021-03-04T21:03:21.319-0700][gc,heap       ] GC(14) Humongous regions: 129->129
[2021-03-04T21:03:21.319-0700][gc,metaspace  ] GC(14) Metaspace: 42726K->42726K(1087488K)
[2021-03-04T21:03:21.319-0700][gc            ] GC(14) Pause Young (Normal) (G1 Evacuation Pause) 383M->145M(1024M) 8.056ms
[2021-03-04T21:03:21.319-0700][gc,cpu        ] GC(14) User=0.07s Sys=0.00s Real=0.00s
[2021-03-04T21:03:24.239-0700][gc,start      ] GC(15) Pause Young (Normal) (G1 Evacuation Pause)
[2021-03-04T21:03:24.239-0700][gc,task       ] GC(15) Using 18 workers of 18 for evacuation
[2021-03-04T21:03:24.244-0700][gc,phases     ] GC(15)   Pre Evacuate Collection Set: 0.0ms
[2021-03-04T21:03:24.244-0700][gc,phases     ] GC(15)   Evacuate Collection Set: 3.2ms
[2021-03-04T21:03:24.244-0700][gc,phases     ] GC(15)   Post Evacuate Collection Set: 1.2ms
[2021-03-04T21:03:24.244-0700][gc,phases     ] GC(15)   Other: 0.3ms
[2021-03-04T21:03:24.244-0700][gc,heap       ] GC(15) Eden regions: 265->0(300)
[2021-03-04T21:03:24.244-0700][gc,heap       ] GC(15) Survivor regions: 4->4(34)
[2021-03-04T21:03:24.244-0700][gc,heap       ] GC(15) Old regions: 15->15
[2021-03-04T21:03:24.244-0700][gc,heap       ] GC(15) Humongous regions: 129->129
[2021-03-04T21:03:24.244-0700][gc,metaspace  ] GC(15) Metaspace: 42726K->42726K(1087488K)
[2021-03-04T21:03:24.244-0700][gc            ] GC(15) Pause Young (Normal) (G1 Evacuation Pause) 410M->145M(1024M) 4.748ms
[2021-03-04T21:03:24.244-0700][gc,cpu        ] GC(15) User=0.05s Sys=0.00s Real=0.01s
[2021-03-04T21:03:27.550-0700][gc,start      ] GC(16) Pause Young (Normal) (G1 Evacuation Pause)
[2021-03-04T21:03:27.550-0700][gc,task       ] GC(16) Using 18 workers of 18 for evacuation
[2021-03-04T21:03:27.555-0700][gc,phases     ] GC(16)   Pre Evacuate Collection Set: 0.0ms
[2021-03-04T21:03:27.555-0700][gc,phases     ] GC(16)   Evacuate Collection Set: 3.2ms
[2021-03-04T21:03:27.555-0700][gc,phases     ] GC(16)   Post Evacuate Collection Set: 1.9ms
[2021-03-04T21:03:27.556-0700][gc,phases     ] GC(16)   Other: 0.4ms
[2021-03-04T21:03:27.556-0700][gc,heap       ] GC(16) Eden regions: 300->0(354)
[2021-03-04T21:03:27.556-0700][gc,heap       ] GC(16) Survivor regions: 4->4(38)
[2021-03-04T21:03:27.556-0700][gc,heap       ] GC(16) Old regions: 15->15
[2021-03-04T21:03:27.556-0700][gc,heap       ] GC(16) Humongous regions: 129->129
[2021-03-04T21:03:27.556-0700][gc,metaspace  ] GC(16) Metaspace: 42726K->42726K(1087488K)
[2021-03-04T21:03:27.556-0700][gc            ] GC(16) Pause Young (Normal) (G1 Evacuation Pause) 445M->145M(1024M) 5.516ms
[2021-03-04T21:03:27.556-0700][gc,cpu        ] GC(16) User=0.05s Sys=0.00s Real=0.01s
[2021-03-04T21:03:31.374-0700][gc,start      ] GC(17) Pause Young (Normal) (G1 Evacuation Pause)
[2021-03-04T21:03:31.374-0700][gc,task       ] GC(17) Using 18 workers of 18 for evacuation
[2021-03-04T21:03:31.380-0700][gc,phases     ] GC(17)   Pre Evacuate Collection Set: 0.0ms
[2021-03-04T21:03:31.380-0700][gc,phases     ] GC(17)   Evacuate Collection Set: 4.2ms
[2021-03-04T21:03:31.380-0700][gc,phases     ] GC(17)   Post Evacuate Collection Set: 1.3ms
[2021-03-04T21:03:31.380-0700][gc,phases     ] GC(17)   Other: 0.2ms
[2021-03-04T21:03:31.380-0700][gc,heap       ] GC(17) Eden regions: 354->0(440)
[2021-03-04T21:03:31.380-0700][gc,heap       ] GC(17) Survivor regions: 4->4(45)
[2021-03-04T21:03:31.380-0700][gc,heap       ] GC(17) Old regions: 15->15
[2021-03-04T21:03:31.380-0700][gc,heap       ] GC(17) Humongous regions: 129->129
[2021-03-04T21:03:31.380-0700][gc,metaspace  ] GC(17) Metaspace: 42726K->42726K(1087488K)
[2021-03-04T21:03:31.380-0700][gc            ] GC(17) Pause Young (Normal) (G1 Evacuation Pause) 499M->145M(1024M) 5.788ms
[2021-03-04T21:03:31.380-0700][gc,cpu        ] GC(17) User=0.05s Sys=0.00s Real=0.00s
[2021-03-04T21:03:36.157-0700][gc,start      ] GC(18) Pause Young (Normal) (G1 Evacuation Pause)
[2021-03-04T21:03:36.158-0700][gc,task       ] GC(18) Using 18 workers of 18 for evacuation
[2021-03-04T21:03:36.165-0700][gc,phases     ] GC(18)   Pre Evacuate Collection Set: 0.0ms
[2021-03-04T21:03:36.165-0700][gc,phases     ] GC(18)   Evacuate Collection Set: 2.8ms
[2021-03-04T21:03:36.165-0700][gc,phases     ] GC(18)   Post Evacuate Collection Set: 4.1ms
[2021-03-04T21:03:36.165-0700][gc,phases     ] GC(18)   Other: 0.2ms
[2021-03-04T21:03:36.165-0700][gc,heap       ] GC(18) Eden regions: 440->0(499)
[2021-03-04T21:03:36.165-0700][gc,heap       ] GC(18) Survivor regions: 4->4(56)
[2021-03-04T21:03:36.165-0700][gc,heap       ] GC(18) Old regions: 15->15
[2021-03-04T21:03:36.165-0700][gc,heap       ] GC(18) Humongous regions: 129->129
[2021-03-04T21:03:36.165-0700][gc,metaspace  ] GC(18) Metaspace: 42726K->42726K(1087488K)
[2021-03-04T21:03:36.165-0700][gc            ] GC(18) Pause Young (Normal) (G1 Evacuation Pause) 585M->145M(1024M) 7.161ms
[2021-03-04T21:03:36.165-0700][gc,cpu        ] GC(18) User=0.07s Sys=0.00s Real=0.01s
[2021-03-04T21:07:00.017-0700][gc,start      ] GC(19) Pause Young (Normal) (G1 Evacuation Pause)
[2021-03-04T21:07:00.018-0700][gc,task       ] GC(19) Using 18 workers of 18 for evacuation
[2021-03-04T21:07:00.025-0700][gc,phases     ] GC(19)   Pre Evacuate Collection Set: 0.4ms
[2021-03-04T21:07:00.025-0700][gc,phases     ] GC(19)   Evacuate Collection Set: 5.0ms
[2021-03-04T21:07:00.025-0700][gc,phases     ] GC(19)   Post Evacuate Collection Set: 1.7ms
[2021-03-04T21:07:00.025-0700][gc,phases     ] GC(19)   Other: 0.8ms
[2021-03-04T21:07:00.025-0700][gc,heap       ] GC(19) Eden regions: 499->0(610)
[2021-03-04T21:07:00.025-0700][gc,heap       ] GC(19) Survivor regions: 4->4(63)
[2021-03-04T21:07:00.025-0700][gc,heap       ] GC(19) Old regions: 15->15
[2021-03-04T21:07:00.025-0700][gc,heap       ] GC(19) Humongous regions: 129->129
[2021-03-04T21:07:00.025-0700][gc,metaspace  ] GC(19) Metaspace: 42810K->42810K(1087488K)
[2021-03-04T21:07:00.025-0700][gc            ] GC(19) Pause Young (Normal) (G1 Evacuation Pause) 644M->145M(1024M) 7.936ms
[2021-03-04T21:07:00.025-0700][gc,cpu        ] GC(19) User=0.07s Sys=0.01s Real=0.01s
[2021-03-04T21:07:06.794-0700][gc,start      ] GC(20) Pause Young (Normal) (G1 Evacuation Pause)
[2021-03-04T21:07:06.794-0700][gc,task       ] GC(20) Using 18 workers of 18 for evacuation
[2021-03-04T21:07:06.799-0700][gc,phases     ] GC(20)   Pre Evacuate Collection Set: 0.0ms
[2021-03-04T21:07:06.799-0700][gc,phases     ] GC(20)   Evacuate Collection Set: 2.8ms
[2021-03-04T21:07:06.799-0700][gc,phases     ] GC(20)   Post Evacuate Collection Set: 1.2ms
[2021-03-04T21:07:06.799-0700][gc,phases     ] GC(20)   Other: 0.5ms
[2021-03-04T21:07:06.799-0700][gc,heap       ] GC(20) Eden regions: 610->0(610)
[2021-03-04T21:07:06.799-0700][gc,heap       ] GC(20) Survivor regions: 4->4(77)
[2021-03-04T21:07:06.799-0700][gc,heap       ] GC(20) Old regions: 15->15
[2021-03-04T21:07:06.799-0700][gc,heap       ] GC(20) Humongous regions: 129->129
[2021-03-04T21:07:06.799-0700][gc,metaspace  ] GC(20) Metaspace: 42810K->42810K(1087488K)
[2021-03-04T21:07:06.799-0700][gc            ] GC(20) Pause Young (Normal) (G1 Evacuation Pause) 755M->145M(1024M) 4.641ms
[2021-03-04T21:07:06.799-0700][gc,cpu        ] GC(20) User=0.03s Sys=0.02s Real=0.00s
[2021-03-04T21:07:13.490-0700][gc,start      ] GC(21) Pause Young (Normal) (G1 Evacuation Pause)
[2021-03-04T21:07:13.490-0700][gc,task       ] GC(21) Using 18 workers of 18 for evacuation
[2021-03-04T21:07:13.498-0700][gc,phases     ] GC(21)   Pre Evacuate Collection Set: 0.1ms
[2021-03-04T21:07:13.498-0700][gc,phases     ] GC(21)   Evacuate Collection Set: 3.9ms
[2021-03-04T21:07:13.498-0700][gc,phases     ] GC(21)   Post Evacuate Collection Set: 4.1ms
[2021-03-04T21:07:13.498-0700][gc,phases     ] GC(21)   Other: 0.3ms
[2021-03-04T21:07:13.498-0700][gc,heap       ] GC(21) Eden regions: 610->0(611)
[2021-03-04T21:07:13.498-0700][gc,heap       ] GC(21) Survivor regions: 4->3(77)
[2021-03-04T21:07:13.498-0700][gc,heap       ] GC(21) Old regions: 15->16
[2021-03-04T21:07:13.498-0700][gc,heap       ] GC(21) Humongous regions: 129->129
[2021-03-04T21:07:13.498-0700][gc,metaspace  ] GC(21) Metaspace: 42810K->42810K(1087488K)
[2021-03-04T21:07:13.498-0700][gc            ] GC(21) Pause Young (Normal) (G1 Evacuation Pause) 755M->145M(1024M) 8.444ms
[2021-03-04T21:07:13.498-0700][gc,cpu        ] GC(21) User=0.09s Sys=0.00s Real=0.01s
[2021-03-04T21:22:20.487-0700][gc,start      ] GC(22) Pause Young (Normal) (G1 Evacuation Pause)
[2021-03-04T21:22:20.488-0700][gc,task       ] GC(22) Using 18 workers of 18 for evacuation
[2021-03-04T21:22:20.494-0700][gc,phases     ] GC(22)   Pre Evacuate Collection Set: 1.1ms
[2021-03-04T21:22:20.494-0700][gc,phases     ] GC(22)   Evacuate Collection Set: 3.1ms
[2021-03-04T21:22:20.494-0700][gc,phases     ] GC(22)   Post Evacuate Collection Set: 1.9ms
[2021-03-04T21:22:20.494-0700][gc,phases     ] GC(22)   Other: 0.8ms
[2021-03-04T21:22:20.494-0700][gc,heap       ] GC(22) Eden regions: 611->0(612)
[2021-03-04T21:22:20.494-0700][gc,heap       ] GC(22) Survivor regions: 3->2(77)
[2021-03-04T21:22:20.494-0700][gc,heap       ] GC(22) Old regions: 16->17
[2021-03-04T21:22:20.494-0700][gc,heap       ] GC(22) Humongous regions: 129->129
[2021-03-04T21:22:20.494-0700][gc,metaspace  ] GC(22) Metaspace: 42849K->42849K(1087488K)
[2021-03-04T21:22:20.494-0700][gc            ] GC(22) Pause Young (Normal) (G1 Evacuation Pause) 756M->145M(1024M) 6.981ms
[2021-03-04T21:22:20.494-0700][gc,cpu        ] GC(22) User=0.03s Sys=0.03s Real=0.01s
