[2021-03-04T15:36:51.992-0700][gc,heap] Heap region size: 1M
[2021-03-04T15:36:52.001-0700][gc     ] Using G1
[2021-03-04T15:36:52.001-0700][gc,heap,coops] Heap address: 0x00000000c0000000, size: 1024 MB, Compressed Oops mode: 32-bit
[2021-03-04T15:36:52.002-0700][gc,cds       ] Mark closed archive regions in map: [0x00000000ffc00000, 0x00000000ffc6aff8]
[2021-03-04T15:36:52.002-0700][gc,cds       ] Mark open archive regions in map: [0x00000000ff800000, 0x00000000ff846ff8]
[2021-03-04T15:36:52.643-0700][gc,start     ] GC(0) Pause Young (Normal) (G1 Evacuation Pause)
[2021-03-04T15:36:52.645-0700][gc,task      ] GC(0) Using 18 workers of 18 for evacuation
[2021-03-04T15:36:52.651-0700][gc,phases    ] GC(0)   Pre Evacuate Collection Set: 0.0ms
[2021-03-04T15:36:52.651-0700][gc,phases    ] GC(0)   Evacuate Collection Set: 5.6ms
[2021-03-04T15:36:52.651-0700][gc,phases    ] GC(0)   Post Evacuate Collection Set: 0.5ms
[2021-03-04T15:36:52.651-0700][gc,phases    ] GC(0)   Other: 1.9ms
[2021-03-04T15:36:52.651-0700][gc,heap      ] GC(0) Eden regions: 51->0(44)
[2021-03-04T15:36:52.651-0700][gc,heap      ] GC(0) Survivor regions: 0->7(7)
[2021-03-04T15:36:52.651-0700][gc,heap      ] GC(0) Old regions: 2->2
[2021-03-04T15:36:52.651-0700][gc,heap      ] GC(0) Humongous regions: 0->0
[2021-03-04T15:36:52.651-0700][gc,metaspace ] GC(0) Metaspace: 15123K->15123K(1062912K)
[2021-03-04T15:36:52.651-0700][gc           ] GC(0) Pause Young (Normal) (G1 Evacuation Pause) 51M->7M(1024M) 7.941ms
[2021-03-04T15:36:52.651-0700][gc,cpu       ] GC(0) User=0.08s Sys=0.02s Real=0.01s
[2021-03-04T15:36:52.886-0700][gc,start     ] GC(1) Pause Young (Concurrent Start) (Metadata GC Threshold)
[2021-03-04T15:36:52.886-0700][gc,task      ] GC(1) Using 18 workers of 18 for evacuation
[2021-03-04T15:36:52.895-0700][gc,phases    ] GC(1)   Pre Evacuate Collection Set: 0.1ms
[2021-03-04T15:36:52.895-0700][gc,phases    ] GC(1)   Evacuate Collection Set: 7.6ms
[2021-03-04T15:36:52.895-0700][gc,phases    ] GC(1)   Post Evacuate Collection Set: 0.5ms
[2021-03-04T15:36:52.895-0700][gc,phases    ] GC(1)   Other: 0.4ms
[2021-03-04T15:36:52.895-0700][gc,heap      ] GC(1) Eden regions: 22->0(49)
[2021-03-04T15:36:52.895-0700][gc,heap      ] GC(1) Survivor regions: 7->2(7)
[2021-03-04T15:36:52.895-0700][gc,heap      ] GC(1) Old regions: 2->9
[2021-03-04T15:36:52.895-0700][gc,heap      ] GC(1) Humongous regions: 0->0
[2021-03-04T15:36:52.895-0700][gc,metaspace ] GC(1) Metaspace: 20530K->20530K(1067008K)
[2021-03-04T15:36:52.895-0700][gc           ] GC(1) Pause Young (Concurrent Start) (Metadata GC Threshold) 29M->8M(1024M) 8.642ms
[2021-03-04T15:36:52.895-0700][gc,cpu       ] GC(1) User=0.07s Sys=0.00s Real=0.01s
[2021-03-04T15:36:52.895-0700][gc           ] GC(2) Concurrent Cycle
[2021-03-04T15:36:52.895-0700][gc,marking   ] GC(2) Concurrent Clear Claimed Marks
[2021-03-04T15:36:52.895-0700][gc,marking   ] GC(2) Concurrent Clear Claimed Marks 0.042ms
[2021-03-04T15:36:52.895-0700][gc,marking   ] GC(2) Concurrent Scan Root Regions
[2021-03-04T15:36:52.896-0700][gc,marking   ] GC(2) Concurrent Scan Root Regions 0.928ms
[2021-03-04T15:36:52.896-0700][gc,marking   ] GC(2) Concurrent Mark (0.909s)
[2021-03-04T15:36:52.896-0700][gc,marking   ] GC(2) Concurrent Mark From Roots
[2021-03-04T15:36:52.896-0700][gc,task      ] GC(2) Using 5 workers of 5 for marking
[2021-03-04T15:36:52.901-0700][gc,marking   ] GC(2) Concurrent Mark From Roots 4.891ms
[2021-03-04T15:36:52.901-0700][gc,marking   ] GC(2) Concurrent Preclean
[2021-03-04T15:36:52.901-0700][gc,marking   ] GC(2) Concurrent Preclean 0.224ms
[2021-03-04T15:36:52.901-0700][gc,marking   ] GC(2) Concurrent Mark (0.909s, 0.914s) 5.151ms
[2021-03-04T15:36:52.901-0700][gc,start     ] GC(2) Pause Remark
[2021-03-04T15:36:52.902-0700][gc,stringtable] GC(2) Cleaned string and symbol table, strings: 5014 processed, 0 removed, symbols: 49674 processed, 43 removed
[2021-03-04T15:36:52.902-0700][gc            ] GC(2) Pause Remark 9M->9M(1024M) 1.316ms
[2021-03-04T15:36:52.902-0700][gc,cpu        ] GC(2) User=0.02s Sys=0.00s Real=0.01s
[2021-03-04T15:36:52.902-0700][gc,marking    ] GC(2) Concurrent Rebuild Remembered Sets
[2021-03-04T15:36:52.904-0700][gc,marking    ] GC(2) Concurrent Rebuild Remembered Sets 2.025ms
[2021-03-04T15:36:52.904-0700][gc,start      ] GC(2) Pause Cleanup
[2021-03-04T15:36:52.905-0700][gc            ] GC(2) Pause Cleanup 9M->9M(1024M) 0.200ms
[2021-03-04T15:36:52.905-0700][gc,cpu        ] GC(2) User=0.00s Sys=0.00s Real=0.00s
[2021-03-04T15:36:52.905-0700][gc,marking    ] GC(2) Concurrent Cleanup for Next Mark
[2021-03-04T15:36:52.907-0700][gc,marking    ] GC(2) Concurrent Cleanup for Next Mark 2.029ms
[2021-03-04T15:36:52.907-0700][gc            ] GC(2) Concurrent Cycle 12.083ms
[2021-03-04T15:36:53.386-0700][gc,start      ] GC(3) Pause Young (Normal) (G1 Evacuation Pause)
[2021-03-04T15:36:53.386-0700][gc,task       ] GC(3) Using 18 workers of 18 for evacuation
[2021-03-04T15:36:53.390-0700][gc,phases     ] GC(3)   Pre Evacuate Collection Set: 0.0ms
[2021-03-04T15:36:53.390-0700][gc,phases     ] GC(3)   Evacuate Collection Set: 2.8ms
[2021-03-04T15:36:53.390-0700][gc,phases     ] GC(3)   Post Evacuate Collection Set: 0.5ms
[2021-03-04T15:36:53.390-0700][gc,phases     ] GC(3)   Other: 0.2ms
[2021-03-04T15:36:53.390-0700][gc,heap       ] GC(3) Eden regions: 49->0(47)
[2021-03-04T15:36:53.390-0700][gc,heap       ] GC(3) Survivor regions: 2->4(7)
[2021-03-04T15:36:53.390-0700][gc,heap       ] GC(3) Old regions: 9->9
[2021-03-04T15:36:53.390-0700][gc,heap       ] GC(3) Humongous regions: 129->129
[2021-03-04T15:36:53.390-0700][gc,metaspace  ] GC(3) Metaspace: 28838K->28838K(1075200K)
[2021-03-04T15:36:53.390-0700][gc            ] GC(3) Pause Young (Normal) (G1 Evacuation Pause) 186M->139M(1024M) 3.499ms
[2021-03-04T15:36:53.390-0700][gc,cpu        ] GC(3) User=0.04s Sys=0.01s Real=0.00s
[2021-03-04T15:36:53.620-0700][gc,start      ] GC(4) Pause Young (Concurrent Start) (Metadata GC Threshold)
[2021-03-04T15:36:53.620-0700][gc,task       ] GC(4) Using 18 workers of 18 for evacuation
[2021-03-04T15:36:53.623-0700][gc,phases     ] GC(4)   Pre Evacuate Collection Set: 0.1ms
[2021-03-04T15:36:53.623-0700][gc,phases     ] GC(4)   Evacuate Collection Set: 2.8ms
[2021-03-04T15:36:53.623-0700][gc,phases     ] GC(4)   Post Evacuate Collection Set: 0.4ms
[2021-03-04T15:36:53.623-0700][gc,phases     ] GC(4)   Other: 0.3ms
[2021-03-04T15:36:53.624-0700][gc,heap       ] GC(4) Eden regions: 29->0(45)
[2021-03-04T15:36:53.624-0700][gc,heap       ] GC(4) Survivor regions: 4->6(7)
[2021-03-04T15:36:53.624-0700][gc,heap       ] GC(4) Old regions: 9->9
[2021-03-04T15:36:53.624-0700][gc,heap       ] GC(4) Humongous regions: 129->129
[2021-03-04T15:36:53.624-0700][gc,metaspace  ] GC(4) Metaspace: 34539K->34539K(1081344K)
[2021-03-04T15:36:53.624-0700][gc            ] GC(4) Pause Young (Concurrent Start) (Metadata GC Threshold) 167M->141M(1024M) 3.617ms
[2021-03-04T15:36:53.624-0700][gc,cpu        ] GC(4) User=0.04s Sys=0.00s Real=0.01s
[2021-03-04T15:36:53.624-0700][gc            ] GC(5) Concurrent Cycle
[2021-03-04T15:36:53.624-0700][gc,marking    ] GC(5) Concurrent Clear Claimed Marks
[2021-03-04T15:36:53.624-0700][gc,marking    ] GC(5) Concurrent Clear Claimed Marks 0.030ms
[2021-03-04T15:36:53.624-0700][gc,marking    ] GC(5) Concurrent Scan Root Regions
[2021-03-04T15:36:53.625-0700][gc,marking    ] GC(5) Concurrent Scan Root Regions 1.111ms
[2021-03-04T15:36:53.625-0700][gc,marking    ] GC(5) Concurrent Mark (1.638s)
[2021-03-04T15:36:53.625-0700][gc,marking    ] GC(5) Concurrent Mark From Roots
[2021-03-04T15:36:53.625-0700][gc,task       ] GC(5) Using 5 workers of 5 for marking
[2021-03-04T15:36:53.629-0700][gc,marking    ] GC(5) Concurrent Mark From Roots 4.300ms
[2021-03-04T15:36:53.629-0700][gc,marking    ] GC(5) Concurrent Preclean
[2021-03-04T15:36:53.629-0700][gc,marking    ] GC(5) Concurrent Preclean 0.213ms
[2021-03-04T15:36:53.629-0700][gc,marking    ] GC(5) Concurrent Mark (1.638s, 1.642s) 4.533ms
[2021-03-04T15:36:53.629-0700][gc,start      ] GC(5) Pause Remark
[2021-03-04T15:36:53.631-0700][gc,stringtable] GC(5) Cleaned string and symbol table, strings: 9666 processed, 10 removed, symbols: 80520 processed, 9 removed
[2021-03-04T15:36:53.631-0700][gc            ] GC(5) Pause Remark 143M->143M(1024M) 1.507ms
[2021-03-04T15:36:53.631-0700][gc,cpu        ] GC(5) User=0.02s Sys=0.00s Real=0.01s
[2021-03-04T15:36:53.631-0700][gc,marking    ] GC(5) Concurrent Rebuild Remembered Sets
[2021-03-04T15:36:53.633-0700][gc,marking    ] GC(5) Concurrent Rebuild Remembered Sets 2.006ms
[2021-03-04T15:36:53.633-0700][gc,start      ] GC(5) Pause Cleanup
[2021-03-04T15:36:53.633-0700][gc            ] GC(5) Pause Cleanup 144M->144M(1024M) 0.154ms
[2021-03-04T15:36:53.633-0700][gc,cpu        ] GC(5) User=0.00s Sys=0.00s Real=0.00s
[2021-03-04T15:36:53.633-0700][gc,marking    ] GC(5) Concurrent Cleanup for Next Mark
[2021-03-04T15:36:53.636-0700][gc,marking    ] GC(5) Concurrent Cleanup for Next Mark 2.047ms
[2021-03-04T15:36:53.636-0700][gc            ] GC(5) Concurrent Cycle 11.986ms
[2021-03-04T15:42:55.631-0700][gc,start      ] GC(6) Pause Young (Normal) (G1 Evacuation Pause)
[2021-03-04T15:42:55.631-0700][gc,task       ] GC(6) Using 18 workers of 18 for evacuation
[2021-03-04T15:42:55.648-0700][gc,phases     ] GC(6)   Pre Evacuate Collection Set: 0.0ms
[2021-03-04T15:42:55.648-0700][gc,phases     ] GC(6)   Evacuate Collection Set: 16.0ms
[2021-03-04T15:42:55.648-0700][gc,phases     ] GC(6)   Post Evacuate Collection Set: 1.0ms
[2021-03-04T15:42:55.648-0700][gc,phases     ] GC(6)   Other: 0.4ms
[2021-03-04T15:42:55.648-0700][gc,heap       ] GC(6) Eden regions: 45->0(45)
[2021-03-04T15:42:55.648-0700][gc,heap       ] GC(6) Survivor regions: 6->6(7)
[2021-03-04T15:42:55.648-0700][gc,heap       ] GC(6) Old regions: 9->12
[2021-03-04T15:42:55.648-0700][gc,heap       ] GC(6) Humongous regions: 171->129
[2021-03-04T15:42:55.648-0700][gc,metaspace  ] GC(6) Metaspace: 40534K->40534K(1085440K)
[2021-03-04T15:42:55.648-0700][gc            ] GC(6) Pause Young (Normal) (G1 Evacuation Pause) 228M->144M(1024M) 17.456ms
[2021-03-04T15:42:55.648-0700][gc,cpu        ] GC(6) User=0.18s Sys=0.03s Real=0.01s
[2021-03-04T16:02:38.279-0700][gc,start      ] GC(7) Pause Young (Normal) (G1 Evacuation Pause)
[2021-03-04T16:02:38.280-0700][gc,task       ] GC(7) Using 18 workers of 18 for evacuation
[2021-03-04T16:02:38.287-0700][gc,phases     ] GC(7)   Pre Evacuate Collection Set: 2.5ms
[2021-03-04T16:02:38.287-0700][gc,phases     ] GC(7)   Evacuate Collection Set: 4.1ms
[2021-03-04T16:02:38.287-0700][gc,phases     ] GC(7)   Post Evacuate Collection Set: 0.6ms
[2021-03-04T16:02:38.287-0700][gc,phases     ] GC(7)   Other: 0.5ms
[2021-03-04T16:02:38.287-0700][gc,heap       ] GC(7) Eden regions: 45->0(47)
[2021-03-04T16:02:38.287-0700][gc,heap       ] GC(7) Survivor regions: 6->4(7)
[2021-03-04T16:02:38.287-0700][gc,heap       ] GC(7) Old regions: 12->15
[2021-03-04T16:02:38.287-0700][gc,heap       ] GC(7) Humongous regions: 129->129
[2021-03-04T16:02:38.287-0700][gc,metaspace  ] GC(7) Metaspace: 42060K->42060K(1087488K)
[2021-03-04T16:02:38.287-0700][gc            ] GC(7) Pause Young (Normal) (G1 Evacuation Pause) 189M->145M(1024M) 7.689ms
[2021-03-04T16:02:38.287-0700][gc,cpu        ] GC(7) User=0.06s Sys=0.01s Real=0.01s
[2021-03-04T16:22:51.543-0700][gc,start      ] GC(8) Pause Young (Normal) (G1 Evacuation Pause)
[2021-03-04T16:22:51.543-0700][gc,task       ] GC(8) Using 18 workers of 18 for evacuation
[2021-03-04T16:22:51.549-0700][gc,phases     ] GC(8)   Pre Evacuate Collection Set: 0.8ms
[2021-03-04T16:22:51.549-0700][gc,phases     ] GC(8)   Evacuate Collection Set: 4.1ms
[2021-03-04T16:22:51.549-0700][gc,phases     ] GC(8)   Post Evacuate Collection Set: 0.9ms
[2021-03-04T16:22:51.549-0700][gc,phases     ] GC(8)   Other: 0.6ms
[2021-03-04T16:22:51.549-0700][gc,heap       ] GC(8) Eden regions: 47->0(46)
[2021-03-04T16:22:51.549-0700][gc,heap       ] GC(8) Survivor regions: 4->5(7)
[2021-03-04T16:22:51.549-0700][gc,heap       ] GC(8) Old regions: 15->15
[2021-03-04T16:22:51.549-0700][gc,heap       ] GC(8) Humongous regions: 129->129
[2021-03-04T16:22:51.549-0700][gc,metaspace  ] GC(8) Metaspace: 42752K->42752K(1087488K)
[2021-03-04T16:22:51.549-0700][gc            ] GC(8) Pause Young (Normal) (G1 Evacuation Pause) 192M->146M(1024M) 6.409ms
[2021-03-04T16:22:51.549-0700][gc,cpu        ] GC(8) User=0.05s Sys=0.02s Real=0.00s
[2021-03-04T16:46:08.753-0700][gc,start      ] GC(9) Pause Young (Normal) (G1 Evacuation Pause)
[2021-03-04T16:46:08.753-0700][gc,task       ] GC(9) Using 18 workers of 18 for evacuation
[2021-03-04T16:46:08.760-0700][gc,phases     ] GC(9)   Pre Evacuate Collection Set: 0.9ms
[2021-03-04T16:46:08.760-0700][gc,phases     ] GC(9)   Evacuate Collection Set: 4.9ms
[2021-03-04T16:46:08.760-0700][gc,phases     ] GC(9)   Post Evacuate Collection Set: 1.2ms
[2021-03-04T16:46:08.760-0700][gc,phases     ] GC(9)   Other: 0.6ms
[2021-03-04T16:46:08.760-0700][gc,heap       ] GC(9) Eden regions: 46->0(48)
[2021-03-04T16:46:08.760-0700][gc,heap       ] GC(9) Survivor regions: 5->3(7)
[2021-03-04T16:46:08.760-0700][gc,heap       ] GC(9) Old regions: 15->17
[2021-03-04T16:46:08.760-0700][gc,heap       ] GC(9) Humongous regions: 129->129
[2021-03-04T16:46:08.760-0700][gc,metaspace  ] GC(9) Metaspace: 42930K->42930K(1089536K)
[2021-03-04T16:46:08.760-0700][gc            ] GC(9) Pause Young (Normal) (G1 Evacuation Pause) 192M->146M(1024M) 7.542ms
[2021-03-04T16:46:08.760-0700][gc,cpu        ] GC(9) User=0.05s Sys=0.01s Real=0.00s
[2021-03-04T17:20:18.753-0700][gc,start      ] GC(10) Pause Young (Normal) (G1 Evacuation Pause)
[2021-03-04T17:20:18.753-0700][gc,task       ] GC(10) Using 18 workers of 18 for evacuation
[2021-03-04T17:20:18.758-0700][gc,phases     ] GC(10)   Pre Evacuate Collection Set: 0.9ms
[2021-03-04T17:20:18.758-0700][gc,phases     ] GC(10)   Evacuate Collection Set: 2.5ms
[2021-03-04T17:20:18.758-0700][gc,phases     ] GC(10)   Post Evacuate Collection Set: 0.6ms
[2021-03-04T17:20:18.758-0700][gc,phases     ] GC(10)   Other: 0.6ms
[2021-03-04T17:20:18.758-0700][gc,heap       ] GC(10) Eden regions: 48->0(55)
[2021-03-04T17:20:18.758-0700][gc,heap       ] GC(10) Survivor regions: 3->3(7)
[2021-03-04T17:20:18.758-0700][gc,heap       ] GC(10) Old regions: 17->17
[2021-03-04T17:20:18.758-0700][gc,heap       ] GC(10) Humongous regions: 129->129
[2021-03-04T17:20:18.758-0700][gc,metaspace  ] GC(10) Metaspace: 42963K->42963K(1089536K)
[2021-03-04T17:20:18.758-0700][gc            ] GC(10) Pause Young (Normal) (G1 Evacuation Pause) 194M->146M(1024M) 4.686ms
[2021-03-04T17:20:18.758-0700][gc,cpu        ] GC(10) User=0.03s Sys=0.02s Real=0.00s
[2021-03-04T17:49:39.044-0700][gc,start      ] GC(11) Pause Young (Normal) (G1 Evacuation Pause)
[2021-03-04T17:49:39.044-0700][gc,task       ] GC(11) Using 18 workers of 18 for evacuation
[2021-03-04T17:49:39.051-0700][gc,phases     ] GC(11)   Pre Evacuate Collection Set: 0.8ms
[2021-03-04T17:49:39.051-0700][gc,phases     ] GC(11)   Evacuate Collection Set: 3.8ms
[2021-03-04T17:49:39.051-0700][gc,phases     ] GC(11)   Post Evacuate Collection Set: 1.8ms
[2021-03-04T17:49:39.051-0700][gc,phases     ] GC(11)   Other: 0.8ms
[2021-03-04T17:49:39.051-0700][gc,heap       ] GC(11) Eden regions: 55->0(155)
[2021-03-04T17:49:39.051-0700][gc,heap       ] GC(11) Survivor regions: 3->3(8)
[2021-03-04T17:49:39.051-0700][gc,heap       ] GC(11) Old regions: 17->17
[2021-03-04T17:49:39.051-0700][gc,heap       ] GC(11) Humongous regions: 129->129
[2021-03-04T17:49:39.051-0700][gc,metaspace  ] GC(11) Metaspace: 43315K->43315K(1089536K)
[2021-03-04T17:49:39.051-0700][gc            ] GC(11) Pause Young (Normal) (G1 Evacuation Pause) 201M->146M(1024M) 7.209ms
[2021-03-04T17:49:39.051-0700][gc,cpu        ] GC(11) User=0.06s Sys=0.00s Real=0.01s
