[2021-03-04T12:17:53.819-0700][gc,heap] Heap region size: 1M
[2021-03-04T12:17:53.828-0700][gc     ] Using G1
[2021-03-04T12:17:53.828-0700][gc,heap,coops] Heap address: 0x00000000c0000000, size: 1024 MB, Compressed Oops mode: 32-bit
[2021-03-04T12:17:53.829-0700][gc,cds       ] Mark closed archive regions in map: [0x00000000ffc00000, 0x00000000ffc6aff8]
[2021-03-04T12:17:53.829-0700][gc,cds       ] Mark open archive regions in map: [0x00000000ff800000, 0x00000000ff846ff8]
[2021-03-04T12:17:54.769-0700][gc,start     ] GC(0) Pause Young (Normal) (G1 Evacuation Pause)
[2021-03-04T12:17:54.771-0700][gc,task      ] GC(0) Using 18 workers of 18 for evacuation
[2021-03-04T12:17:54.780-0700][gc,phases    ] GC(0)   Pre Evacuate Collection Set: 0.0ms
[2021-03-04T12:17:54.780-0700][gc,phases    ] GC(0)   Evacuate Collection Set: 8.6ms
[2021-03-04T12:17:54.780-0700][gc,phases    ] GC(0)   Post Evacuate Collection Set: 0.5ms
[2021-03-04T12:17:54.780-0700][gc,phases    ] GC(0)   Other: 1.5ms
[2021-03-04T12:17:54.780-0700][gc,heap      ] GC(0) Eden regions: 51->0(44)
[2021-03-04T12:17:54.780-0700][gc,heap      ] GC(0) Survivor regions: 0->7(7)
[2021-03-04T12:17:54.780-0700][gc,heap      ] GC(0) Old regions: 2->2
[2021-03-04T12:17:54.780-0700][gc,heap      ] GC(0) Humongous regions: 0->0
[2021-03-04T12:17:54.780-0700][gc,metaspace ] GC(0) Metaspace: 15132K->15132K(1062912K)
[2021-03-04T12:17:54.780-0700][gc           ] GC(0) Pause Young (Normal) (G1 Evacuation Pause) 51M->7M(1024M) 10.709ms
[2021-03-04T12:17:54.780-0700][gc,cpu       ] GC(0) User=0.10s Sys=0.00s Real=0.01s
[2021-03-04T12:17:55.091-0700][gc,start     ] GC(1) Pause Young (Concurrent Start) (Metadata GC Threshold)
[2021-03-04T12:17:55.091-0700][gc,task      ] GC(1) Using 18 workers of 18 for evacuation
[2021-03-04T12:17:55.103-0700][gc,phases    ] GC(1)   Pre Evacuate Collection Set: 0.1ms
[2021-03-04T12:17:55.103-0700][gc,phases    ] GC(1)   Evacuate Collection Set: 11.4ms
[2021-03-04T12:17:55.103-0700][gc,phases    ] GC(1)   Post Evacuate Collection Set: 0.4ms
[2021-03-04T12:17:55.103-0700][gc,phases    ] GC(1)   Other: 0.3ms
[2021-03-04T12:17:55.103-0700][gc,heap      ] GC(1) Eden regions: 23->0(49)
[2021-03-04T12:17:55.103-0700][gc,heap      ] GC(1) Survivor regions: 7->2(7)
[2021-03-04T12:17:55.103-0700][gc,heap      ] GC(1) Old regions: 2->9
[2021-03-04T12:17:55.103-0700][gc,heap      ] GC(1) Humongous regions: 0->0
[2021-03-04T12:17:55.103-0700][gc,metaspace ] GC(1) Metaspace: 20562K->20562K(1067008K)
[2021-03-04T12:17:55.103-0700][gc           ] GC(1) Pause Young (Concurrent Start) (Metadata GC Threshold) 29M->8M(1024M) 12.256ms
[2021-03-04T12:17:55.103-0700][gc,cpu       ] GC(1) User=0.11s Sys=0.00s Real=0.02s
[2021-03-04T12:17:55.103-0700][gc           ] GC(2) Concurrent Cycle
[2021-03-04T12:17:55.103-0700][gc,marking   ] GC(2) Concurrent Clear Claimed Marks
[2021-03-04T12:17:55.103-0700][gc,marking   ] GC(2) Concurrent Clear Claimed Marks 0.062ms
[2021-03-04T12:17:55.103-0700][gc,marking   ] GC(2) Concurrent Scan Root Regions
[2021-03-04T12:17:55.104-0700][gc,marking   ] GC(2) Concurrent Scan Root Regions 1.128ms
[2021-03-04T12:17:55.104-0700][gc,marking   ] GC(2) Concurrent Mark (1.290s)
[2021-03-04T12:17:55.104-0700][gc,marking   ] GC(2) Concurrent Mark From Roots
[2021-03-04T12:17:55.105-0700][gc,task      ] GC(2) Using 5 workers of 5 for marking
[2021-03-04T12:17:55.109-0700][gc,marking   ] GC(2) Concurrent Mark From Roots 4.326ms
[2021-03-04T12:17:55.109-0700][gc,marking   ] GC(2) Concurrent Preclean
[2021-03-04T12:17:55.109-0700][gc,marking   ] GC(2) Concurrent Preclean 0.220ms
[2021-03-04T12:17:55.109-0700][gc,marking   ] GC(2) Concurrent Mark (1.290s, 1.294s) 4.569ms
[2021-03-04T12:17:55.109-0700][gc,start     ] GC(2) Pause Remark
[2021-03-04T12:17:55.115-0700][gc,stringtable] GC(2) Cleaned string and symbol table, strings: 5077 processed, 0 removed, symbols: 50283 processed, 43 removed
[2021-03-04T12:17:55.115-0700][gc            ] GC(2) Pause Remark 8M->8M(1024M) 6.083ms
[2021-03-04T12:17:55.115-0700][gc,cpu        ] GC(2) User=0.06s Sys=0.00s Real=0.01s
[2021-03-04T12:17:55.115-0700][gc,marking    ] GC(2) Concurrent Rebuild Remembered Sets
[2021-03-04T12:17:55.117-0700][gc,marking    ] GC(2) Concurrent Rebuild Remembered Sets 1.793ms
[2021-03-04T12:17:55.117-0700][gc,start      ] GC(2) Pause Cleanup
[2021-03-04T12:17:55.117-0700][gc            ] GC(2) Pause Cleanup 9M->9M(1024M) 0.221ms
[2021-03-04T12:17:55.117-0700][gc,cpu        ] GC(2) User=0.01s Sys=0.00s Real=0.00s
[2021-03-04T12:17:55.117-0700][gc,marking    ] GC(2) Concurrent Cleanup for Next Mark
[2021-03-04T12:17:55.119-0700][gc,marking    ] GC(2) Concurrent Cleanup for Next Mark 1.989ms
[2021-03-04T12:17:55.119-0700][gc            ] GC(2) Concurrent Cycle 16.096ms
[2021-03-04T12:17:55.645-0700][gc,start      ] GC(3) Pause Young (Normal) (G1 Evacuation Pause)
[2021-03-04T12:17:55.645-0700][gc,task       ] GC(3) Using 18 workers of 18 for evacuation
[2021-03-04T12:17:55.647-0700][gc,phases     ] GC(3)   Pre Evacuate Collection Set: 0.0ms
[2021-03-04T12:17:55.647-0700][gc,phases     ] GC(3)   Evacuate Collection Set: 1.6ms
[2021-03-04T12:17:55.647-0700][gc,phases     ] GC(3)   Post Evacuate Collection Set: 0.5ms
[2021-03-04T12:17:55.647-0700][gc,phases     ] GC(3)   Other: 0.2ms
[2021-03-04T12:17:55.647-0700][gc,heap       ] GC(3) Eden regions: 49->0(46)
[2021-03-04T12:17:55.647-0700][gc,heap       ] GC(3) Survivor regions: 2->5(7)
[2021-03-04T12:17:55.647-0700][gc,heap       ] GC(3) Old regions: 9->9
[2021-03-04T12:17:55.647-0700][gc,heap       ] GC(3) Humongous regions: 129->129
[2021-03-04T12:17:55.647-0700][gc,metaspace  ] GC(3) Metaspace: 29978K->29978K(1077248K)
[2021-03-04T12:17:55.647-0700][gc            ] GC(3) Pause Young (Normal) (G1 Evacuation Pause) 186M->140M(1024M) 2.305ms
[2021-03-04T12:17:55.647-0700][gc,cpu        ] GC(3) User=0.04s Sys=0.00s Real=0.00s
[2021-03-04T12:18:25.133-0700][gc,start      ] GC(4) Pause Young (Concurrent Start) (Metadata GC Threshold)
[2021-03-04T12:18:25.134-0700][gc,task       ] GC(4) Using 18 workers of 18 for evacuation
[2021-03-04T12:18:25.142-0700][gc,phases     ] GC(4)   Pre Evacuate Collection Set: 0.1ms
[2021-03-04T12:18:25.142-0700][gc,phases     ] GC(4)   Evacuate Collection Set: 6.9ms
[2021-03-04T12:18:25.142-0700][gc,phases     ] GC(4)   Post Evacuate Collection Set: 0.4ms
[2021-03-04T12:18:25.142-0700][gc,phases     ] GC(4)   Other: 0.8ms
[2021-03-04T12:18:25.142-0700][gc,heap       ] GC(4) Eden regions: 21->0(49)
[2021-03-04T12:18:25.142-0700][gc,heap       ] GC(4) Survivor regions: 5->2(7)
[2021-03-04T12:18:25.142-0700][gc,heap       ] GC(4) Old regions: 9->13
[2021-03-04T12:18:25.142-0700][gc,heap       ] GC(4) Humongous regions: 129->129
[2021-03-04T12:18:25.142-0700][gc,metaspace  ] GC(4) Metaspace: 34402K->34402K(1081344K)
[2021-03-04T12:18:25.142-0700][gc            ] GC(4) Pause Young (Concurrent Start) (Metadata GC Threshold) 160M->141M(1024M) 8.215ms
[2021-03-04T12:18:25.142-0700][gc,cpu        ] GC(4) User=0.07s Sys=0.00s Real=0.01s
[2021-03-04T12:18:25.142-0700][gc            ] GC(5) Concurrent Cycle
[2021-03-04T12:18:25.142-0700][gc,marking    ] GC(5) Concurrent Clear Claimed Marks
[2021-03-04T12:18:25.142-0700][gc,marking    ] GC(5) Concurrent Clear Claimed Marks 0.029ms
[2021-03-04T12:18:25.142-0700][gc,marking    ] GC(5) Concurrent Scan Root Regions
[2021-03-04T12:18:25.142-0700][gc,marking    ] GC(5) Concurrent Scan Root Regions 0.661ms
[2021-03-04T12:18:25.142-0700][gc,marking    ] GC(5) Concurrent Mark (31.328s)
[2021-03-04T12:18:25.142-0700][gc,marking    ] GC(5) Concurrent Mark From Roots
[2021-03-04T12:18:25.142-0700][gc,task       ] GC(5) Using 5 workers of 5 for marking
[2021-03-04T12:18:25.149-0700][gc,marking    ] GC(5) Concurrent Mark From Roots 6.709ms
[2021-03-04T12:18:25.149-0700][gc,marking    ] GC(5) Concurrent Preclean
[2021-03-04T12:18:25.149-0700][gc,marking    ] GC(5) Concurrent Preclean 0.183ms
[2021-03-04T12:18:25.149-0700][gc,marking    ] GC(5) Concurrent Mark (31.328s, 31.335s) 6.936ms
[2021-03-04T12:18:25.150-0700][gc,start      ] GC(5) Pause Remark
[2021-03-04T12:18:25.151-0700][gc,stringtable] GC(5) Cleaned string and symbol table, strings: 9451 processed, 11 removed, symbols: 79953 processed, 9 removed
[2021-03-04T12:18:25.151-0700][gc            ] GC(5) Pause Remark 142M->142M(1024M) 1.490ms
[2021-03-04T12:18:25.151-0700][gc,cpu        ] GC(5) User=0.02s Sys=0.00s Real=0.00s
[2021-03-04T12:18:25.151-0700][gc,marking    ] GC(5) Concurrent Rebuild Remembered Sets
[2021-03-04T12:18:25.154-0700][gc,marking    ] GC(5) Concurrent Rebuild Remembered Sets 2.834ms
[2021-03-04T12:18:25.154-0700][gc,start      ] GC(5) Pause Cleanup
[2021-03-04T12:18:25.154-0700][gc            ] GC(5) Pause Cleanup 142M->142M(1024M) 0.136ms
[2021-03-04T12:18:25.154-0700][gc,cpu        ] GC(5) User=0.00s Sys=0.00s Real=0.00s
[2021-03-04T12:18:25.154-0700][gc,marking    ] GC(5) Concurrent Cleanup for Next Mark
[2021-03-04T12:18:25.156-0700][gc,marking    ] GC(5) Concurrent Cleanup for Next Mark 1.977ms
[2021-03-04T12:18:25.156-0700][gc            ] GC(5) Concurrent Cycle 14.584ms
