[2021-03-02T14:30:13.903-0700][gc,heap] Heap region size: 1M
[2021-03-02T14:30:13.918-0700][gc     ] Using G1
[2021-03-02T14:30:13.918-0700][gc,heap,coops] Heap address: 0x00000000c0000000, size: 1024 MB, Compressed Oops mode: 32-bit
[2021-03-02T14:30:13.918-0700][gc,cds       ] Mark closed archive regions in map: [0x00000000ffc00000, 0x00000000ffc6aff8]
[2021-03-02T14:30:13.918-0700][gc,cds       ] Mark open archive regions in map: [0x00000000ff800000, 0x00000000ff846ff8]
[2021-03-02T14:30:15.047-0700][gc,start     ] GC(0) Pause Young (Normal) (G1 Evacuation Pause)
[2021-03-02T14:30:15.050-0700][gc,task      ] GC(0) Using 23 workers of 23 for evacuation
[2021-03-02T14:30:15.062-0700][gc,phases    ] GC(0)   Pre Evacuate Collection Set: 0.0ms
[2021-03-02T14:30:15.062-0700][gc,phases    ] GC(0)   Evacuate Collection Set: 11.2ms
[2021-03-02T14:30:15.062-0700][gc,phases    ] GC(0)   Post Evacuate Collection Set: 0.7ms
[2021-03-02T14:30:15.062-0700][gc,phases    ] GC(0)   Other: 3.7ms
[2021-03-02T14:30:15.062-0700][gc,heap      ] GC(0) Eden regions: 51->0(44)
[2021-03-02T14:30:15.062-0700][gc,heap      ] GC(0) Survivor regions: 0->7(7)
[2021-03-02T14:30:15.062-0700][gc,heap      ] GC(0) Old regions: 2->2
[2021-03-02T14:30:15.062-0700][gc,heap      ] GC(0) Humongous regions: 0->0
[2021-03-02T14:30:15.063-0700][gc,metaspace ] GC(0) Metaspace: 15459K->15459K(1062912K)
[2021-03-02T14:30:15.063-0700][gc           ] GC(0) Pause Young (Normal) (G1 Evacuation Pause) 51M->7M(1024M) 15.682ms
[2021-03-02T14:30:15.063-0700][gc,cpu       ] GC(0) User=0.21s Sys=0.02s Real=0.02s
[2021-03-02T14:30:15.444-0700][gc,start     ] GC(1) Pause Young (Concurrent Start) (Metadata GC Threshold)
[2021-03-02T14:30:15.444-0700][gc,task      ] GC(1) Using 23 workers of 23 for evacuation
[2021-03-02T14:30:15.471-0700][gc,mmu       ] GC(1) MMU target violated: 21.0ms (20.0ms/21.0ms)
[2021-03-02T14:30:15.471-0700][gc,phases    ] GC(1)   Pre Evacuate Collection Set: 0.1ms
[2021-03-02T14:30:15.471-0700][gc,phases    ] GC(1)   Evacuate Collection Set: 25.8ms
[2021-03-02T14:30:15.471-0700][gc,phases    ] GC(1)   Post Evacuate Collection Set: 0.4ms
[2021-03-02T14:30:15.471-0700][gc,phases    ] GC(1)   Other: 0.7ms
[2021-03-02T14:30:15.471-0700][gc,heap      ] GC(1) Eden regions: 22->0(49)
[2021-03-02T14:30:15.471-0700][gc,heap      ] GC(1) Survivor regions: 7->2(7)
[2021-03-02T14:30:15.471-0700][gc,heap      ] GC(1) Old regions: 2->9
[2021-03-02T14:30:15.471-0700][gc,heap      ] GC(1) Humongous regions: 0->0
[2021-03-02T14:30:15.471-0700][gc,metaspace ] GC(1) Metaspace: 20557K->20557K(1067008K)
[2021-03-02T14:30:15.471-0700][gc           ] GC(1) Pause Young (Concurrent Start) (Metadata GC Threshold) 28M->8M(1024M) 26.998ms
[2021-03-02T14:30:15.471-0700][gc,cpu       ] GC(1) User=0.26s Sys=0.02s Real=0.03s
[2021-03-02T14:30:15.471-0700][gc           ] GC(2) Concurrent Cycle
[2021-03-02T14:30:15.471-0700][gc,marking   ] GC(2) Concurrent Clear Claimed Marks
[2021-03-02T14:30:15.471-0700][gc,marking   ] GC(2) Concurrent Clear Claimed Marks 0.018ms
[2021-03-02T14:30:15.471-0700][gc,marking   ] GC(2) Concurrent Scan Root Regions
[2021-03-02T14:30:15.472-0700][gc,marking   ] GC(2) Concurrent Scan Root Regions 0.962ms
[2021-03-02T14:30:15.472-0700][gc,marking   ] GC(2) Concurrent Mark (1.576s)
[2021-03-02T14:30:15.472-0700][gc,marking   ] GC(2) Concurrent Mark From Roots
[2021-03-02T14:30:15.473-0700][gc,task      ] GC(2) Using 6 workers of 6 for marking
[2021-03-02T14:30:15.478-0700][gc,marking   ] GC(2) Concurrent Mark From Roots 5.861ms
[2021-03-02T14:30:15.478-0700][gc,marking   ] GC(2) Concurrent Preclean
[2021-03-02T14:30:15.478-0700][gc,marking   ] GC(2) Concurrent Preclean 0.355ms
[2021-03-02T14:30:15.478-0700][gc,marking   ] GC(2) Concurrent Mark (1.576s, 1.582s) 6.236ms
[2021-03-02T14:30:15.478-0700][gc,start     ] GC(2) Pause Remark
[2021-03-02T14:30:15.485-0700][gc,stringtable] GC(2) Cleaned string and symbol table, strings: 5040 processed, 0 removed, symbols: 50199 processed, 42 removed
[2021-03-02T14:30:15.486-0700][gc            ] GC(2) Pause Remark 8M->8M(1024M) 7.280ms
[2021-03-02T14:30:15.486-0700][gc,cpu        ] GC(2) User=0.10s Sys=0.00s Real=0.01s
[2021-03-02T14:30:15.486-0700][gc,marking    ] GC(2) Concurrent Rebuild Remembered Sets
[2021-03-02T14:30:15.488-0700][gc,marking    ] GC(2) Concurrent Rebuild Remembered Sets 2.410ms
[2021-03-02T14:30:15.488-0700][gc,start      ] GC(2) Pause Cleanup
[2021-03-02T14:30:15.489-0700][gc            ] GC(2) Pause Cleanup 8M->8M(1024M) 0.311ms
[2021-03-02T14:30:15.489-0700][gc,cpu        ] GC(2) User=0.01s Sys=0.00s Real=0.00s
[2021-03-02T14:30:15.489-0700][gc,marking    ] GC(2) Concurrent Cleanup for Next Mark
[2021-03-02T14:30:15.491-0700][gc,marking    ] GC(2) Concurrent Cleanup for Next Mark 2.732ms
[2021-03-02T14:30:15.491-0700][gc            ] GC(2) Concurrent Cycle 20.406ms
[2021-03-02T14:30:16.210-0700][gc,start      ] GC(3) Pause Young (Normal) (G1 Evacuation Pause)
[2021-03-02T14:30:16.210-0700][gc,task       ] GC(3) Using 23 workers of 23 for evacuation
[2021-03-02T14:30:16.218-0700][gc,phases     ] GC(3)   Pre Evacuate Collection Set: 0.0ms
[2021-03-02T14:30:16.218-0700][gc,phases     ] GC(3)   Evacuate Collection Set: 7.6ms
[2021-03-02T14:30:16.218-0700][gc,phases     ] GC(3)   Post Evacuate Collection Set: 0.7ms
[2021-03-02T14:30:16.218-0700][gc,phases     ] GC(3)   Other: 0.2ms
[2021-03-02T14:30:16.218-0700][gc,heap       ] GC(3) Eden regions: 49->0(46)
[2021-03-02T14:30:16.218-0700][gc,heap       ] GC(3) Survivor regions: 2->5(7)
[2021-03-02T14:30:16.218-0700][gc,heap       ] GC(3) Old regions: 9->9
[2021-03-02T14:30:16.218-0700][gc,heap       ] GC(3) Humongous regions: 129->129
[2021-03-02T14:30:16.218-0700][gc,metaspace  ] GC(3) Metaspace: 29947K->29947K(1077248K)
[2021-03-02T14:30:16.218-0700][gc            ] GC(3) Pause Young (Normal) (G1 Evacuation Pause) 186M->140M(1024M) 8.692ms
[2021-03-02T14:30:16.218-0700][gc,cpu        ] GC(3) User=0.13s Sys=0.00s Real=0.01s
[2021-03-02T14:30:24.819-0700][gc,start      ] GC(4) Pause Young (Concurrent Start) (Metadata GC Threshold)
[2021-03-02T14:30:24.820-0700][gc,task       ] GC(4) Using 23 workers of 23 for evacuation
[2021-03-02T14:30:24.828-0700][gc,phases     ] GC(4)   Pre Evacuate Collection Set: 0.2ms
[2021-03-02T14:30:24.828-0700][gc,phases     ] GC(4)   Evacuate Collection Set: 7.0ms
[2021-03-02T14:30:24.828-0700][gc,phases     ] GC(4)   Post Evacuate Collection Set: 0.6ms
[2021-03-02T14:30:24.828-0700][gc,phases     ] GC(4)   Other: 0.9ms
[2021-03-02T14:30:24.828-0700][gc,heap       ] GC(4) Eden regions: 22->0(49)
[2021-03-02T14:30:24.828-0700][gc,heap       ] GC(4) Survivor regions: 5->2(7)
[2021-03-02T14:30:24.828-0700][gc,heap       ] GC(4) Old regions: 9->13
[2021-03-02T14:30:24.828-0700][gc,heap       ] GC(4) Humongous regions: 129->129
[2021-03-02T14:30:24.828-0700][gc,metaspace  ] GC(4) Metaspace: 34597K->34597K(1081344K)
[2021-03-02T14:30:24.828-0700][gc            ] GC(4) Pause Young (Concurrent Start) (Metadata GC Threshold) 161M->141M(1024M) 8.746ms
[2021-03-02T14:30:24.828-0700][gc,cpu        ] GC(4) User=0.11s Sys=0.01s Real=0.01s
[2021-03-02T14:30:24.828-0700][gc            ] GC(5) Concurrent Cycle
[2021-03-02T14:30:24.828-0700][gc,marking    ] GC(5) Concurrent Clear Claimed Marks
[2021-03-02T14:30:24.828-0700][gc,marking    ] GC(5) Concurrent Clear Claimed Marks 0.039ms
[2021-03-02T14:30:24.828-0700][gc,marking    ] GC(5) Concurrent Scan Root Regions
[2021-03-02T14:30:24.830-0700][gc,marking    ] GC(5) Concurrent Scan Root Regions 1.763ms
[2021-03-02T14:30:24.830-0700][gc,marking    ] GC(5) Concurrent Mark (10.934s)
[2021-03-02T14:30:24.830-0700][gc,marking    ] GC(5) Concurrent Mark From Roots
[2021-03-02T14:30:24.830-0700][gc,task       ] GC(5) Using 6 workers of 6 for marking
[2021-03-02T14:30:24.838-0700][gc,marking    ] GC(5) Concurrent Mark From Roots 7.586ms
[2021-03-02T14:30:24.838-0700][gc,marking    ] GC(5) Concurrent Preclean
[2021-03-02T14:30:24.838-0700][gc,marking    ] GC(5) Concurrent Preclean 0.426ms
[2021-03-02T14:30:24.838-0700][gc,marking    ] GC(5) Concurrent Mark (10.934s, 10.942s) 8.077ms
[2021-03-02T14:30:24.838-0700][gc,start      ] GC(5) Pause Remark
[2021-03-02T14:30:24.840-0700][gc,stringtable] GC(5) Cleaned string and symbol table, strings: 9548 processed, 11 removed, symbols: 79364 processed, 9 removed
[2021-03-02T14:30:24.841-0700][gc            ] GC(5) Pause Remark 142M->142M(1024M) 2.480ms
[2021-03-02T14:30:24.841-0700][gc,cpu        ] GC(5) User=0.03s Sys=0.00s Real=0.00s
[2021-03-02T14:30:24.841-0700][gc,marking    ] GC(5) Concurrent Rebuild Remembered Sets
[2021-03-02T14:30:24.844-0700][gc,marking    ] GC(5) Concurrent Rebuild Remembered Sets 3.637ms
[2021-03-02T14:30:24.845-0700][gc,start      ] GC(5) Pause Cleanup
[2021-03-02T14:30:24.845-0700][gc            ] GC(5) Pause Cleanup 142M->142M(1024M) 0.210ms
[2021-03-02T14:30:24.845-0700][gc,cpu        ] GC(5) User=0.00s Sys=0.00s Real=0.00s
[2021-03-02T14:30:24.845-0700][gc,marking    ] GC(5) Concurrent Cleanup for Next Mark
[2021-03-02T14:30:24.847-0700][gc,marking    ] GC(5) Concurrent Cleanup for Next Mark 2.032ms
[2021-03-02T14:30:24.847-0700][gc            ] GC(5) Concurrent Cycle 18.717ms
[2021-03-02T14:57:25.574-0700][gc,start      ] GC(6) Pause Young (Normal) (G1 Evacuation Pause)
[2021-03-02T14:57:25.574-0700][gc,task       ] GC(6) Using 23 workers of 23 for evacuation
[2021-03-02T14:57:25.588-0700][gc,phases     ] GC(6)   Pre Evacuate Collection Set: 2.0ms
[2021-03-02T14:57:25.588-0700][gc,phases     ] GC(6)   Evacuate Collection Set: 10.5ms
[2021-03-02T14:57:25.588-0700][gc,phases     ] GC(6)   Post Evacuate Collection Set: 1.1ms
[2021-03-02T14:57:25.588-0700][gc,phases     ] GC(6)   Other: 1.2ms
[2021-03-02T14:57:25.588-0700][gc,heap       ] GC(6) Eden regions: 49->0(48)
[2021-03-02T14:57:25.588-0700][gc,heap       ] GC(6) Survivor regions: 2->3(7)
[2021-03-02T14:57:25.588-0700][gc,heap       ] GC(6) Old regions: 13->13
[2021-03-02T14:57:25.588-0700][gc,heap       ] GC(6) Humongous regions: 129->129
[2021-03-02T14:57:25.588-0700][gc,metaspace  ] GC(6) Metaspace: 39349K->39349K(1085440K)
[2021-03-02T14:57:25.588-0700][gc            ] GC(6) Pause Young (Normal) (G1 Evacuation Pause) 190M->143M(1024M) 14.735ms
[2021-03-02T14:57:25.588-0700][gc,cpu        ] GC(6) User=0.17s Sys=0.04s Real=0.01s
[2021-03-02T15:27:30.104-0700][gc,start      ] GC(7) Pause Young (Normal) (G1 Evacuation Pause)
[2021-03-02T15:27:30.104-0700][gc,task       ] GC(7) Using 23 workers of 23 for evacuation
[2021-03-02T15:27:30.124-0700][gc,phases     ] GC(7)   Pre Evacuate Collection Set: 5.7ms
[2021-03-02T15:27:30.124-0700][gc,phases     ] GC(7)   Evacuate Collection Set: 8.2ms
[2021-03-02T15:27:30.124-0700][gc,phases     ] GC(7)   Post Evacuate Collection Set: 5.2ms
[2021-03-02T15:27:30.124-0700][gc,phases     ] GC(7)   Other: 1.1ms
[2021-03-02T15:27:30.124-0700][gc,heap       ] GC(7) Eden regions: 48->0(47)
[2021-03-02T15:27:30.124-0700][gc,heap       ] GC(7) Survivor regions: 3->4(7)
[2021-03-02T15:27:30.124-0700][gc,heap       ] GC(7) Old regions: 13->13
[2021-03-02T15:27:30.124-0700][gc,heap       ] GC(7) Humongous regions: 129->129
[2021-03-02T15:27:30.124-0700][gc,metaspace  ] GC(7) Metaspace: 40371K->40371K(1085440K)
[2021-03-02T15:27:30.124-0700][gc            ] GC(7) Pause Young (Normal) (G1 Evacuation Pause) 191M->144M(1024M) 20.286ms
[2021-03-02T15:27:30.124-0700][gc,cpu        ] GC(7) User=0.17s Sys=0.02s Real=0.02s
[2021-03-02T15:34:27.792-0700][gc,start      ] GC(8) Pause Young (Normal) (G1 Evacuation Pause)
[2021-03-02T15:34:27.792-0700][gc,task       ] GC(8) Using 23 workers of 23 for evacuation
[2021-03-02T15:34:27.804-0700][gc,phases     ] GC(8)   Pre Evacuate Collection Set: 1.8ms
[2021-03-02T15:34:27.804-0700][gc,phases     ] GC(8)   Evacuate Collection Set: 8.9ms
[2021-03-02T15:34:27.804-0700][gc,phases     ] GC(8)   Post Evacuate Collection Set: 1.1ms
[2021-03-02T15:34:27.804-0700][gc,phases     ] GC(8)   Other: 0.8ms
[2021-03-02T15:34:27.804-0700][gc,heap       ] GC(8) Eden regions: 47->0(46)
[2021-03-02T15:34:27.805-0700][gc,heap       ] GC(8) Survivor regions: 4->5(7)
[2021-03-02T15:34:27.805-0700][gc,heap       ] GC(8) Old regions: 13->14
[2021-03-02T15:34:27.805-0700][gc,heap       ] GC(8) Humongous regions: 129->129
[2021-03-02T15:34:27.805-0700][gc,metaspace  ] GC(8) Metaspace: 40810K->40810K(1087488K)
[2021-03-02T15:34:27.805-0700][gc            ] GC(8) Pause Young (Normal) (G1 Evacuation Pause) 191M->146M(1024M) 12.832ms
[2021-03-02T15:34:27.805-0700][gc,cpu        ] GC(8) User=0.20s Sys=0.01s Real=0.01s
[2021-03-02T15:39:50.104-0700][gc,start      ] GC(9) Pause Young (Normal) (G1 Evacuation Pause)
[2021-03-02T15:39:50.104-0700][gc,task       ] GC(9) Using 23 workers of 23 for evacuation
[2021-03-02T15:39:50.114-0700][gc,phases     ] GC(9)   Pre Evacuate Collection Set: 1.9ms
[2021-03-02T15:39:50.114-0700][gc,phases     ] GC(9)   Evacuate Collection Set: 6.1ms
[2021-03-02T15:39:50.114-0700][gc,phases     ] GC(9)   Post Evacuate Collection Set: 1.1ms
[2021-03-02T15:39:50.114-0700][gc,phases     ] GC(9)   Other: 0.9ms
[2021-03-02T15:39:50.114-0700][gc,heap       ] GC(9) Eden regions: 46->0(47)
[2021-03-02T15:39:50.114-0700][gc,heap       ] GC(9) Survivor regions: 5->4(7)
[2021-03-02T15:39:50.114-0700][gc,heap       ] GC(9) Old regions: 14->15
[2021-03-02T15:39:50.114-0700][gc,heap       ] GC(9) Humongous regions: 129->129
[2021-03-02T15:39:50.114-0700][gc,metaspace  ] GC(9) Metaspace: 41920K->41920K(1087488K)
[2021-03-02T15:39:50.114-0700][gc            ] GC(9) Pause Young (Normal) (G1 Evacuation Pause) 192M->145M(1024M) 10.120ms
[2021-03-02T15:39:50.114-0700][gc,cpu        ] GC(9) User=0.09s Sys=0.05s Real=0.01s
[2021-03-02T15:45:08.979-0700][gc,start      ] GC(10) Pause Young (Normal) (G1 Evacuation Pause)
[2021-03-02T15:45:08.980-0700][gc,task       ] GC(10) Using 23 workers of 23 for evacuation
[2021-03-02T15:45:08.987-0700][gc,phases     ] GC(10)   Pre Evacuate Collection Set: 1.9ms
[2021-03-02T15:45:08.987-0700][gc,phases     ] GC(10)   Evacuate Collection Set: 3.9ms
[2021-03-02T15:45:08.987-0700][gc,phases     ] GC(10)   Post Evacuate Collection Set: 0.9ms
[2021-03-02T15:45:08.987-0700][gc,phases     ] GC(10)   Other: 0.8ms
[2021-03-02T15:45:08.987-0700][gc,heap       ] GC(10) Eden regions: 47->0(48)
[2021-03-02T15:45:08.987-0700][gc,heap       ] GC(10) Survivor regions: 4->4(7)
[2021-03-02T15:45:08.987-0700][gc,heap       ] GC(10) Old regions: 15->15
[2021-03-02T15:45:08.987-0700][gc,heap       ] GC(10) Humongous regions: 129->129
[2021-03-02T15:45:08.987-0700][gc,metaspace  ] GC(10) Metaspace: 42066K->42066K(1087488K)
[2021-03-02T15:45:08.987-0700][gc            ] GC(10) Pause Young (Normal) (G1 Evacuation Pause) 192M->146M(1024M) 7.602ms
[2021-03-02T15:45:08.987-0700][gc,cpu        ] GC(10) User=0.04s Sys=0.05s Real=0.01s
[2021-03-02T15:49:58.268-0700][gc,start      ] GC(11) Pause Young (Normal) (G1 Evacuation Pause)
[2021-03-02T15:49:58.268-0700][gc,task       ] GC(11) Using 23 workers of 23 for evacuation
[2021-03-02T15:49:58.278-0700][gc,phases     ] GC(11)   Pre Evacuate Collection Set: 0.1ms
[2021-03-02T15:49:58.278-0700][gc,phases     ] GC(11)   Evacuate Collection Set: 8.3ms
[2021-03-02T15:49:58.278-0700][gc,phases     ] GC(11)   Post Evacuate Collection Set: 1.1ms
[2021-03-02T15:49:58.278-0700][gc,phases     ] GC(11)   Other: 0.9ms
[2021-03-02T15:49:58.278-0700][gc,heap       ] GC(11) Eden regions: 48->0(56)
[2021-03-02T15:49:58.278-0700][gc,heap       ] GC(11) Survivor regions: 4->5(7)
[2021-03-02T15:49:58.278-0700][gc,heap       ] GC(11) Old regions: 15->15
[2021-03-02T15:49:58.278-0700][gc,heap       ] GC(11) Humongous regions: 129->129
[2021-03-02T15:49:58.278-0700][gc,metaspace  ] GC(11) Metaspace: 42088K->42088K(1087488K)
[2021-03-02T15:49:58.278-0700][gc            ] GC(11) Pause Young (Normal) (G1 Evacuation Pause) 194M->147M(1024M) 10.311ms
[2021-03-02T15:49:58.278-0700][gc,cpu        ] GC(11) User=0.13s Sys=0.03s Real=0.01s
[2021-03-02T15:54:31.565-0700][gc,start      ] GC(12) Pause Young (Normal) (G1 Evacuation Pause)
[2021-03-02T15:54:31.566-0700][gc,task       ] GC(12) Using 23 workers of 23 for evacuation
[2021-03-02T15:54:31.575-0700][gc,phases     ] GC(12)   Pre Evacuate Collection Set: 1.9ms
[2021-03-02T15:54:31.575-0700][gc,phases     ] GC(12)   Evacuate Collection Set: 5.8ms
[2021-03-02T15:54:31.575-0700][gc,phases     ] GC(12)   Post Evacuate Collection Set: 1.4ms
[2021-03-02T15:54:31.575-0700][gc,phases     ] GC(12)   Other: 1.0ms
[2021-03-02T15:54:31.575-0700][gc,heap       ] GC(12) Eden regions: 56->0(611)
[2021-03-02T15:54:31.575-0700][gc,heap       ] GC(12) Survivor regions: 5->3(8)
[2021-03-02T15:54:31.575-0700][gc,heap       ] GC(12) Old regions: 15->17
[2021-03-02T15:54:31.575-0700][gc,heap       ] GC(12) Humongous regions: 129->129
[2021-03-02T15:54:31.575-0700][gc,metaspace  ] GC(12) Metaspace: 42122K->42122K(1087488K)
[2021-03-02T15:54:31.575-0700][gc            ] GC(12) Pause Young (Normal) (G1 Evacuation Pause) 203M->146M(1024M) 10.137ms
[2021-03-02T15:54:31.576-0700][gc,cpu        ] GC(12) User=0.11s Sys=0.00s Real=0.01s
[2021-03-02T16:28:59.500-0700][gc,start      ] GC(13) Pause Young (Normal) (G1 Evacuation Pause)
[2021-03-02T16:28:59.500-0700][gc,task       ] GC(13) Using 23 workers of 23 for evacuation
[2021-03-02T16:28:59.510-0700][gc,phases     ] GC(13)   Pre Evacuate Collection Set: 0.8ms
[2021-03-02T16:28:59.510-0700][gc,phases     ] GC(13)   Evacuate Collection Set: 5.3ms
[2021-03-02T16:28:59.510-0700][gc,phases     ] GC(13)   Post Evacuate Collection Set: 3.2ms
[2021-03-02T16:28:59.510-0700][gc,phases     ] GC(13)   Other: 1.4ms
[2021-03-02T16:28:59.510-0700][gc,heap       ] GC(13) Eden regions: 611->0(610)
[2021-03-02T16:28:59.510-0700][gc,heap       ] GC(13) Survivor regions: 3->4(77)
[2021-03-02T16:28:59.511-0700][gc,heap       ] GC(13) Old regions: 17->17
[2021-03-02T16:28:59.511-0700][gc,heap       ] GC(13) Humongous regions: 129->129
[2021-03-02T16:28:59.511-0700][gc,metaspace  ] GC(13) Metaspace: 42394K->42394K(1087488K)
[2021-03-02T16:28:59.511-0700][gc            ] GC(13) Pause Young (Normal) (G1 Evacuation Pause) 757M->147M(1024M) 10.709ms
[2021-03-02T16:28:59.511-0700][gc,cpu        ] GC(13) User=0.09s Sys=0.01s Real=0.02s
[2021-03-02T16:57:59.678-0700][gc,start      ] GC(14) Pause Young (Normal) (G1 Evacuation Pause)
[2021-03-02T16:57:59.678-0700][gc,task       ] GC(14) Using 23 workers of 23 for evacuation
[2021-03-02T16:57:59.703-0700][gc,mmu        ] GC(14) MMU target violated: 21.0ms (20.0ms/21.0ms)
[2021-03-02T16:57:59.703-0700][gc,phases     ] GC(14)   Pre Evacuate Collection Set: 0.9ms
[2021-03-02T16:57:59.703-0700][gc,phases     ] GC(14)   Evacuate Collection Set: 21.4ms
[2021-03-02T16:57:59.703-0700][gc,phases     ] GC(14)   Post Evacuate Collection Set: 2.2ms
[2021-03-02T16:57:59.703-0700][gc,phases     ] GC(14)   Other: 1.1ms
[2021-03-02T16:57:59.703-0700][gc,heap       ] GC(14) Eden regions: 610->0(610)
[2021-03-02T16:57:59.703-0700][gc,heap       ] GC(14) Survivor regions: 4->4(77)
[2021-03-02T16:57:59.703-0700][gc,heap       ] GC(14) Old regions: 17->17
[2021-03-02T16:57:59.703-0700][gc,heap       ] GC(14) Humongous regions: 129->129
[2021-03-02T16:57:59.703-0700][gc,metaspace  ] GC(14) Metaspace: 42449K->42449K(1087488K)
[2021-03-02T16:57:59.704-0700][gc            ] GC(14) Pause Young (Normal) (G1 Evacuation Pause) 757M->147M(1024M) 25.637ms
[2021-03-02T16:57:59.704-0700][gc,cpu        ] GC(14) User=0.32s Sys=0.01s Real=0.03s
[2021-03-02T17:29:35.104-0700][gc,start      ] GC(15) Pause Young (Normal) (G1 Evacuation Pause)
[2021-03-02T17:29:35.104-0700][gc,task       ] GC(15) Using 23 workers of 23 for evacuation
[2021-03-02T17:29:35.116-0700][gc,phases     ] GC(15)   Pre Evacuate Collection Set: 0.8ms
[2021-03-02T17:29:35.117-0700][gc,phases     ] GC(15)   Evacuate Collection Set: 6.8ms
[2021-03-02T17:29:35.117-0700][gc,phases     ] GC(15)   Post Evacuate Collection Set: 4.0ms
[2021-03-02T17:29:35.117-0700][gc,phases     ] GC(15)   Other: 1.0ms
[2021-03-02T17:29:35.117-0700][gc,heap       ] GC(15) Eden regions: 610->0(609)
[2021-03-02T17:29:35.117-0700][gc,heap       ] GC(15) Survivor regions: 4->5(77)
[2021-03-02T17:29:35.117-0700][gc,heap       ] GC(15) Old regions: 17->17
[2021-03-02T17:29:35.117-0700][gc,heap       ] GC(15) Humongous regions: 129->129
[2021-03-02T17:29:35.117-0700][gc,metaspace  ] GC(15) Metaspace: 42471K->42471K(1087488K)
[2021-03-02T17:29:35.117-0700][gc            ] GC(15) Pause Young (Normal) (G1 Evacuation Pause) 757M->147M(1024M) 12.761ms
[2021-03-02T17:29:35.117-0700][gc,cpu        ] GC(15) User=0.08s Sys=0.07s Real=0.01s
[2021-03-02T18:00:59.735-0700][gc,start      ] GC(16) Pause Young (Normal) (G1 Evacuation Pause)
[2021-03-02T18:00:59.736-0700][gc,task       ] GC(16) Using 23 workers of 23 for evacuation
[2021-03-02T18:00:59.757-0700][gc,mmu        ] GC(16) MMU target violated: 20.7ms (20.0ms/21.0ms)
[2021-03-02T18:00:59.757-0700][gc,phases     ] GC(16)   Pre Evacuate Collection Set: 0.8ms
[2021-03-02T18:00:59.757-0700][gc,phases     ] GC(16)   Evacuate Collection Set: 17.1ms
[2021-03-02T18:00:59.757-0700][gc,phases     ] GC(16)   Post Evacuate Collection Set: 2.4ms
[2021-03-02T18:00:59.757-0700][gc,phases     ] GC(16)   Other: 1.0ms
[2021-03-02T18:00:59.757-0700][gc,heap       ] GC(16) Eden regions: 609->0(609)
[2021-03-02T18:00:59.757-0700][gc,heap       ] GC(16) Survivor regions: 5->5(77)
[2021-03-02T18:00:59.757-0700][gc,heap       ] GC(16) Old regions: 17->17
[2021-03-02T18:00:59.757-0700][gc,heap       ] GC(16) Humongous regions: 129->129
[2021-03-02T18:00:59.757-0700][gc,metaspace  ] GC(16) Metaspace: 42473K->42473K(1087488K)
[2021-03-02T18:00:59.757-0700][gc            ] GC(16) Pause Young (Normal) (G1 Evacuation Pause) 756M->147M(1024M) 21.381ms
[2021-03-02T18:00:59.757-0700][gc,cpu        ] GC(16) User=0.22s Sys=0.00s Real=0.02s
[2021-03-02T18:32:30.104-0700][gc,start      ] GC(17) Pause Young (Normal) (G1 Evacuation Pause)
[2021-03-02T18:32:30.104-0700][gc,task       ] GC(17) Using 23 workers of 23 for evacuation
[2021-03-02T18:32:30.116-0700][gc,phases     ] GC(17)   Pre Evacuate Collection Set: 0.8ms
[2021-03-02T18:32:30.116-0700][gc,phases     ] GC(17)   Evacuate Collection Set: 5.6ms
[2021-03-02T18:32:30.116-0700][gc,phases     ] GC(17)   Post Evacuate Collection Set: 4.9ms
[2021-03-02T18:32:30.116-0700][gc,phases     ] GC(17)   Other: 1.1ms
[2021-03-02T18:32:30.116-0700][gc,heap       ] GC(17) Eden regions: 609->0(609)
[2021-03-02T18:32:30.116-0700][gc,heap       ] GC(17) Survivor regions: 5->5(77)
[2021-03-02T18:32:30.116-0700][gc,heap       ] GC(17) Old regions: 17->17
[2021-03-02T18:32:30.116-0700][gc,heap       ] GC(17) Humongous regions: 129->129
[2021-03-02T18:32:30.116-0700][gc,metaspace  ] GC(17) Metaspace: 42488K->42488K(1087488K)
[2021-03-02T18:32:30.116-0700][gc            ] GC(17) Pause Young (Normal) (G1 Evacuation Pause) 756M->148M(1024M) 12.379ms
[2021-03-02T18:32:30.116-0700][gc,cpu        ] GC(17) User=0.13s Sys=0.02s Real=0.01s
[2021-03-02T19:04:00.448-0700][gc,start      ] GC(18) Pause Young (Normal) (G1 Evacuation Pause)
[2021-03-02T19:04:00.448-0700][gc,task       ] GC(18) Using 23 workers of 23 for evacuation
[2021-03-02T19:04:00.458-0700][gc,phases     ] GC(18)   Pre Evacuate Collection Set: 0.8ms
[2021-03-02T19:04:00.458-0700][gc,phases     ] GC(18)   Evacuate Collection Set: 5.4ms
[2021-03-02T19:04:00.458-0700][gc,phases     ] GC(18)   Post Evacuate Collection Set: 2.6ms
[2021-03-02T19:04:00.458-0700][gc,phases     ] GC(18)   Other: 1.0ms
[2021-03-02T19:04:00.458-0700][gc,heap       ] GC(18) Eden regions: 609->0(609)
[2021-03-02T19:04:00.458-0700][gc,heap       ] GC(18) Survivor regions: 5->5(77)
[2021-03-02T19:04:00.458-0700][gc,heap       ] GC(18) Old regions: 17->17
[2021-03-02T19:04:00.458-0700][gc,heap       ] GC(18) Humongous regions: 129->129
[2021-03-02T19:04:00.458-0700][gc,metaspace  ] GC(18) Metaspace: 42501K->42501K(1087488K)
[2021-03-02T19:04:00.458-0700][gc            ] GC(18) Pause Young (Normal) (G1 Evacuation Pause) 757M->148M(1024M) 10.011ms
[2021-03-02T19:04:00.458-0700][gc,cpu        ] GC(18) User=0.09s Sys=0.01s Real=0.01s
[2021-03-02T19:35:20.620-0700][gc,start      ] GC(19) Pause Young (Normal) (G1 Evacuation Pause)
[2021-03-02T19:35:20.620-0700][gc,task       ] GC(19) Using 23 workers of 23 for evacuation
[2021-03-02T19:35:20.661-0700][gc,mmu        ] GC(19) MMU target violated: 21.0ms (20.0ms/21.0ms)
[2021-03-02T19:35:20.661-0700][gc,phases     ] GC(19)   Pre Evacuate Collection Set: 0.8ms
[2021-03-02T19:35:20.661-0700][gc,phases     ] GC(19)   Evacuate Collection Set: 32.7ms
[2021-03-02T19:35:20.661-0700][gc,phases     ] GC(19)   Post Evacuate Collection Set: 6.8ms
[2021-03-02T19:35:20.661-0700][gc,phases     ] GC(19)   Other: 1.1ms
[2021-03-02T19:35:20.661-0700][gc,heap       ] GC(19) Eden regions: 609->0(609)
[2021-03-02T19:35:20.661-0700][gc,heap       ] GC(19) Survivor regions: 5->5(77)
[2021-03-02T19:35:20.661-0700][gc,heap       ] GC(19) Old regions: 17->17
[2021-03-02T19:35:20.661-0700][gc,heap       ] GC(19) Humongous regions: 129->129
[2021-03-02T19:35:20.661-0700][gc,metaspace  ] GC(19) Metaspace: 42504K->42504K(1087488K)
[2021-03-02T19:35:20.661-0700][gc            ] GC(19) Pause Young (Normal) (G1 Evacuation Pause) 757M->148M(1024M) 41.434ms
[2021-03-02T19:35:20.661-0700][gc,cpu        ] GC(19) User=0.56s Sys=0.00s Real=0.04s
[2021-03-02T20:06:54.336-0700][gc,start      ] GC(20) Pause Young (Normal) (G1 Evacuation Pause)
[2021-03-02T20:06:54.336-0700][gc,task       ] GC(20) Using 23 workers of 23 for evacuation
[2021-03-02T20:06:54.345-0700][gc,phases     ] GC(20)   Pre Evacuate Collection Set: 0.9ms
[2021-03-02T20:06:54.345-0700][gc,phases     ] GC(20)   Evacuate Collection Set: 4.5ms
[2021-03-02T20:06:54.345-0700][gc,phases     ] GC(20)   Post Evacuate Collection Set: 2.9ms
[2021-03-02T20:06:54.345-0700][gc,phases     ] GC(20)   Other: 0.9ms
[2021-03-02T20:06:54.345-0700][gc,heap       ] GC(20) Eden regions: 609->0(610)
[2021-03-02T20:06:54.345-0700][gc,heap       ] GC(20) Survivor regions: 5->4(77)
[2021-03-02T20:06:54.345-0700][gc,heap       ] GC(20) Old regions: 17->17
[2021-03-02T20:06:54.345-0700][gc,heap       ] GC(20) Humongous regions: 129->129
[2021-03-02T20:06:54.345-0700][gc,metaspace  ] GC(20) Metaspace: 42505K->42505K(1087488K)
[2021-03-02T20:06:54.345-0700][gc            ] GC(20) Pause Young (Normal) (G1 Evacuation Pause) 757M->147M(1024M) 9.338ms
[2021-03-02T20:06:54.345-0700][gc,cpu        ] GC(20) User=0.05s Sys=0.04s Real=0.01s
[2021-03-02T20:38:17.070-0700][gc,start      ] GC(21) Pause Young (Normal) (G1 Evacuation Pause)
[2021-03-02T20:38:17.070-0700][gc,task       ] GC(21) Using 23 workers of 23 for evacuation
[2021-03-02T20:38:17.083-0700][gc,phases     ] GC(21)   Pre Evacuate Collection Set: 0.8ms
[2021-03-02T20:38:17.083-0700][gc,phases     ] GC(21)   Evacuate Collection Set: 8.4ms
[2021-03-02T20:38:17.083-0700][gc,phases     ] GC(21)   Post Evacuate Collection Set: 3.0ms
[2021-03-02T20:38:17.083-0700][gc,phases     ] GC(21)   Other: 1.0ms
[2021-03-02T20:38:17.083-0700][gc,heap       ] GC(21) Eden regions: 610->0(610)
[2021-03-02T20:38:17.083-0700][gc,heap       ] GC(21) Survivor regions: 4->4(77)
[2021-03-02T20:38:17.083-0700][gc,heap       ] GC(21) Old regions: 17->17
[2021-03-02T20:38:17.083-0700][gc,heap       ] GC(21) Humongous regions: 129->129
[2021-03-02T20:38:17.083-0700][gc,metaspace  ] GC(21) Metaspace: 42510K->42510K(1087488K)
[2021-03-02T20:38:17.083-0700][gc            ] GC(21) Pause Young (Normal) (G1 Evacuation Pause) 757M->147M(1024M) 13.253ms
[2021-03-02T20:38:17.083-0700][gc,cpu        ] GC(21) User=0.13s Sys=0.00s Real=0.02s
[2021-03-02T21:09:55.923-0700][gc,start      ] GC(22) Pause Young (Normal) (G1 Evacuation Pause)
[2021-03-02T21:09:55.924-0700][gc,task       ] GC(22) Using 23 workers of 23 for evacuation
[2021-03-02T21:09:55.934-0700][gc,phases     ] GC(22)   Pre Evacuate Collection Set: 0.8ms
[2021-03-02T21:09:55.934-0700][gc,phases     ] GC(22)   Evacuate Collection Set: 5.4ms
[2021-03-02T21:09:55.934-0700][gc,phases     ] GC(22)   Post Evacuate Collection Set: 3.7ms
[2021-03-02T21:09:55.934-0700][gc,phases     ] GC(22)   Other: 1.1ms
[2021-03-02T21:09:55.934-0700][gc,heap       ] GC(22) Eden regions: 610->0(610)
[2021-03-02T21:09:55.934-0700][gc,heap       ] GC(22) Survivor regions: 4->4(77)
[2021-03-02T21:09:55.934-0700][gc,heap       ] GC(22) Old regions: 17->17
[2021-03-02T21:09:55.934-0700][gc,heap       ] GC(22) Humongous regions: 129->129
[2021-03-02T21:09:55.934-0700][gc,metaspace  ] GC(22) Metaspace: 42524K->42524K(1087488K)
[2021-03-02T21:09:55.934-0700][gc            ] GC(22) Pause Young (Normal) (G1 Evacuation Pause) 757M->147M(1024M) 11.154ms
[2021-03-02T21:09:55.934-0700][gc,cpu        ] GC(22) User=0.11s Sys=0.01s Real=0.01s
[2021-03-02T23:59:00.104-0700][gc,start      ] GC(23) Pause Young (Normal) (G1 Evacuation Pause)
[2021-03-02T23:59:00.104-0700][gc,task       ] GC(23) Using 23 workers of 23 for evacuation
[2021-03-02T23:59:00.122-0700][gc,phases     ] GC(23)   Pre Evacuate Collection Set: 0.8ms
[2021-03-02T23:59:00.122-0700][gc,phases     ] GC(23)   Evacuate Collection Set: 13.4ms
[2021-03-02T23:59:00.122-0700][gc,phases     ] GC(23)   Post Evacuate Collection Set: 2.9ms
[2021-03-02T23:59:00.122-0700][gc,phases     ] GC(23)   Other: 1.1ms
[2021-03-02T23:59:00.122-0700][gc,heap       ] GC(23) Eden regions: 610->0(609)
[2021-03-02T23:59:00.122-0700][gc,heap       ] GC(23) Survivor regions: 4->5(77)
[2021-03-02T23:59:00.122-0700][gc,heap       ] GC(23) Old regions: 17->17
[2021-03-02T23:59:00.122-0700][gc,heap       ] GC(23) Humongous regions: 129->129
[2021-03-02T23:59:00.122-0700][gc,metaspace  ] GC(23) Metaspace: 42539K->42539K(1087488K)
[2021-03-02T23:59:00.122-0700][gc            ] GC(23) Pause Young (Normal) (G1 Evacuation Pause) 757M->148M(1024M) 18.439ms
[2021-03-02T23:59:00.122-0700][gc,cpu        ] GC(23) User=0.22s Sys=0.01s Real=0.02s
