[2021-03-02T08:34:31.276-0700][gc,heap] Heap region size: 1M
[2021-03-02T08:34:31.291-0700][gc     ] Using G1
[2021-03-02T08:34:31.291-0700][gc,heap,coops] Heap address: 0x00000000c0000000, size: 1024 MB, Compressed Oops mode: 32-bit
[2021-03-02T08:34:31.292-0700][gc,cds       ] Mark closed archive regions in map: [0x00000000ffc00000, 0x00000000ffc6aff8]
[2021-03-02T08:34:31.292-0700][gc,cds       ] Mark open archive regions in map: [0x00000000ff800000, 0x00000000ff846ff8]
[2021-03-02T08:34:32.817-0700][gc,start     ] GC(0) Pause Young (Normal) (G1 Evacuation Pause)
[2021-03-02T08:34:32.820-0700][gc,task      ] GC(0) Using 23 workers of 23 for evacuation
[2021-03-02T08:34:32.838-0700][gc,phases    ] GC(0)   Pre Evacuate Collection Set: 0.1ms
[2021-03-02T08:34:32.838-0700][gc,phases    ] GC(0)   Evacuate Collection Set: 16.8ms
[2021-03-02T08:34:32.838-0700][gc,phases    ] GC(0)   Post Evacuate Collection Set: 0.8ms
[2021-03-02T08:34:32.838-0700][gc,phases    ] GC(0)   Other: 3.5ms
[2021-03-02T08:34:32.838-0700][gc,heap      ] GC(0) Eden regions: 51->0(44)
[2021-03-02T08:34:32.838-0700][gc,heap      ] GC(0) Survivor regions: 0->7(7)
[2021-03-02T08:34:32.838-0700][gc,heap      ] GC(0) Old regions: 2->2
[2021-03-02T08:34:32.838-0700][gc,heap      ] GC(0) Humongous regions: 0->0
[2021-03-02T08:34:32.838-0700][gc,metaspace ] GC(0) Metaspace: 15586K->15586K(1062912K)
[2021-03-02T08:34:32.838-0700][gc           ] GC(0) Pause Young (Normal) (G1 Evacuation Pause) 51M->7M(1024M) 21.224ms
[2021-03-02T08:34:32.838-0700][gc,cpu       ] GC(0) User=0.20s Sys=0.08s Real=0.02s
[2021-03-02T08:34:33.180-0700][gc,start     ] GC(1) Pause Young (Concurrent Start) (Metadata GC Threshold)
[2021-03-02T08:34:33.180-0700][gc,task      ] GC(1) Using 23 workers of 23 for evacuation
[2021-03-02T08:34:33.225-0700][gc,mmu       ] GC(1) MMU target violated: 21.0ms (20.0ms/21.0ms)
[2021-03-02T08:34:33.225-0700][gc,phases    ] GC(1)   Pre Evacuate Collection Set: 0.1ms
[2021-03-02T08:34:33.225-0700][gc,phases    ] GC(1)   Evacuate Collection Set: 44.2ms
[2021-03-02T08:34:33.225-0700][gc,phases    ] GC(1)   Post Evacuate Collection Set: 0.5ms
[2021-03-02T08:34:33.225-0700][gc,phases    ] GC(1)   Other: 0.7ms
[2021-03-02T08:34:33.225-0700][gc,heap      ] GC(1) Eden regions: 21->0(49)
[2021-03-02T08:34:33.225-0700][gc,heap      ] GC(1) Survivor regions: 7->2(7)
[2021-03-02T08:34:33.225-0700][gc,heap      ] GC(1) Old regions: 2->9
[2021-03-02T08:34:33.225-0700][gc,heap      ] GC(1) Humongous regions: 0->0
[2021-03-02T08:34:33.225-0700][gc,metaspace ] GC(1) Metaspace: 20570K->20570K(1067008K)
[2021-03-02T08:34:33.225-0700][gc           ] GC(1) Pause Young (Concurrent Start) (Metadata GC Threshold) 28M->7M(1024M) 45.560ms
[2021-03-02T08:34:33.225-0700][gc,cpu       ] GC(1) User=0.60s Sys=0.03s Real=0.05s
[2021-03-02T08:34:33.225-0700][gc           ] GC(2) Concurrent Cycle
[2021-03-02T08:34:33.225-0700][gc,marking   ] GC(2) Concurrent Clear Claimed Marks
[2021-03-02T08:34:33.226-0700][gc,marking   ] GC(2) Concurrent Clear Claimed Marks 0.052ms
[2021-03-02T08:34:33.226-0700][gc,marking   ] GC(2) Concurrent Scan Root Regions
[2021-03-02T08:34:33.227-0700][gc,marking   ] GC(2) Concurrent Scan Root Regions 1.835ms
[2021-03-02T08:34:33.227-0700][gc,marking   ] GC(2) Concurrent Mark (1.958s)
[2021-03-02T08:34:33.227-0700][gc,marking   ] GC(2) Concurrent Mark From Roots
[2021-03-02T08:34:33.228-0700][gc,task      ] GC(2) Using 6 workers of 6 for marking
[2021-03-02T08:34:33.234-0700][gc,marking   ] GC(2) Concurrent Mark From Roots 6.228ms
[2021-03-02T08:34:33.234-0700][gc,marking   ] GC(2) Concurrent Preclean
[2021-03-02T08:34:33.234-0700][gc,marking   ] GC(2) Concurrent Preclean 0.616ms
[2021-03-02T08:34:33.234-0700][gc,marking   ] GC(2) Concurrent Mark (1.958s, 1.964s) 6.903ms
[2021-03-02T08:34:33.235-0700][gc,start     ] GC(2) Pause Remark
[2021-03-02T08:34:33.237-0700][gc,stringtable] GC(2) Cleaned string and symbol table, strings: 5059 processed, 0 removed, symbols: 50294 processed, 43 removed
[2021-03-02T08:34:33.237-0700][gc            ] GC(2) Pause Remark 8M->8M(1024M) 2.688ms
[2021-03-02T08:34:33.237-0700][gc,cpu        ] GC(2) User=0.02s Sys=0.00s Real=0.00s
[2021-03-02T08:34:33.237-0700][gc,marking    ] GC(2) Concurrent Rebuild Remembered Sets
[2021-03-02T08:34:33.241-0700][gc,marking    ] GC(2) Concurrent Rebuild Remembered Sets 3.206ms
[2021-03-02T08:34:33.241-0700][gc,start      ] GC(2) Pause Cleanup
[2021-03-02T08:34:33.241-0700][gc            ] GC(2) Pause Cleanup 8M->8M(1024M) 0.256ms
[2021-03-02T08:34:33.241-0700][gc,cpu        ] GC(2) User=0.01s Sys=0.00s Real=0.00s
[2021-03-02T08:34:33.241-0700][gc,marking    ] GC(2) Concurrent Cleanup for Next Mark
[2021-03-02T08:34:33.244-0700][gc,marking    ] GC(2) Concurrent Cleanup for Next Mark 2.616ms
[2021-03-02T08:34:33.244-0700][gc            ] GC(2) Concurrent Cycle 18.308ms
[2021-03-02T08:34:34.012-0700][gc,start      ] GC(3) Pause Young (Normal) (G1 Evacuation Pause)
[2021-03-02T08:34:34.012-0700][gc,task       ] GC(3) Using 23 workers of 23 for evacuation
[2021-03-02T08:34:34.026-0700][gc,phases     ] GC(3)   Pre Evacuate Collection Set: 1.7ms
[2021-03-02T08:34:34.026-0700][gc,phases     ] GC(3)   Evacuate Collection Set: 11.3ms
[2021-03-02T08:34:34.026-0700][gc,phases     ] GC(3)   Post Evacuate Collection Set: 0.5ms
[2021-03-02T08:34:34.026-0700][gc,phases     ] GC(3)   Other: 0.4ms
[2021-03-02T08:34:34.026-0700][gc,heap       ] GC(3) Eden regions: 49->0(46)
[2021-03-02T08:34:34.026-0700][gc,heap       ] GC(3) Survivor regions: 2->5(7)
[2021-03-02T08:34:34.026-0700][gc,heap       ] GC(3) Old regions: 9->9
[2021-03-02T08:34:34.026-0700][gc,heap       ] GC(3) Humongous regions: 129->129
[2021-03-02T08:34:34.026-0700][gc,metaspace  ] GC(3) Metaspace: 30005K->30005K(1077248K)
[2021-03-02T08:34:34.026-0700][gc            ] GC(3) Pause Young (Normal) (G1 Evacuation Pause) 185M->140M(1024M) 14.057ms
[2021-03-02T08:34:34.026-0700][gc,cpu        ] GC(3) User=0.19s Sys=0.00s Real=0.02s
[2021-03-02T08:34:39.927-0700][gc,start      ] GC(4) Pause Young (Concurrent Start) (Metadata GC Threshold)
[2021-03-02T08:34:39.927-0700][gc,task       ] GC(4) Using 23 workers of 23 for evacuation
[2021-03-02T08:34:39.939-0700][gc,phases     ] GC(4)   Pre Evacuate Collection Set: 0.2ms
[2021-03-02T08:34:39.939-0700][gc,phases     ] GC(4)   Evacuate Collection Set: 9.0ms
[2021-03-02T08:34:39.939-0700][gc,phases     ] GC(4)   Post Evacuate Collection Set: 0.9ms
[2021-03-02T08:34:39.939-0700][gc,phases     ] GC(4)   Other: 1.2ms
[2021-03-02T08:34:39.939-0700][gc,heap       ] GC(4) Eden regions: 21->0(49)
[2021-03-02T08:34:39.939-0700][gc,heap       ] GC(4) Survivor regions: 5->2(7)
[2021-03-02T08:34:39.939-0700][gc,heap       ] GC(4) Old regions: 9->13
[2021-03-02T08:34:39.939-0700][gc,heap       ] GC(4) Humongous regions: 129->129
[2021-03-02T08:34:39.939-0700][gc,metaspace  ] GC(4) Metaspace: 34572K->34572K(1081344K)
[2021-03-02T08:34:39.939-0700][gc            ] GC(4) Pause Young (Concurrent Start) (Metadata GC Threshold) 160M->142M(1024M) 11.442ms
[2021-03-02T08:34:39.939-0700][gc,cpu        ] GC(4) User=0.14s Sys=0.01s Real=0.01s
[2021-03-02T08:34:39.939-0700][gc            ] GC(5) Concurrent Cycle
[2021-03-02T08:34:39.939-0700][gc,marking    ] GC(5) Concurrent Clear Claimed Marks
[2021-03-02T08:34:39.939-0700][gc,marking    ] GC(5) Concurrent Clear Claimed Marks 0.058ms
[2021-03-02T08:34:39.939-0700][gc,marking    ] GC(5) Concurrent Scan Root Regions
[2021-03-02T08:34:39.941-0700][gc,marking    ] GC(5) Concurrent Scan Root Regions 1.715ms
[2021-03-02T08:34:39.941-0700][gc,marking    ] GC(5) Concurrent Mark (8.671s)
[2021-03-02T08:34:39.941-0700][gc,marking    ] GC(5) Concurrent Mark From Roots
[2021-03-02T08:34:39.941-0700][gc,task       ] GC(5) Using 6 workers of 6 for marking
[2021-03-02T08:34:39.947-0700][gc,marking    ] GC(5) Concurrent Mark From Roots 6.357ms
[2021-03-02T08:34:39.947-0700][gc,marking    ] GC(5) Concurrent Preclean
[2021-03-02T08:34:39.948-0700][gc,marking    ] GC(5) Concurrent Preclean 0.408ms
[2021-03-02T08:34:39.948-0700][gc,marking    ] GC(5) Concurrent Mark (8.671s, 8.678s) 6.812ms
[2021-03-02T08:34:39.948-0700][gc,start      ] GC(5) Pause Remark
[2021-03-02T08:34:39.952-0700][gc,stringtable] GC(5) Cleaned string and symbol table, strings: 9485 processed, 11 removed, symbols: 79274 processed, 8 removed
[2021-03-02T08:34:39.952-0700][gc            ] GC(5) Pause Remark 142M->142M(1024M) 4.397ms
[2021-03-02T08:34:39.952-0700][gc,cpu        ] GC(5) User=0.07s Sys=0.00s Real=0.00s
[2021-03-02T08:34:39.952-0700][gc,marking    ] GC(5) Concurrent Rebuild Remembered Sets
[2021-03-02T08:34:39.956-0700][gc,marking    ] GC(5) Concurrent Rebuild Remembered Sets 3.423ms
[2021-03-02T08:34:39.956-0700][gc,start      ] GC(5) Pause Cleanup
[2021-03-02T08:34:39.956-0700][gc            ] GC(5) Pause Cleanup 142M->142M(1024M) 0.323ms
[2021-03-02T08:34:39.956-0700][gc,cpu        ] GC(5) User=0.00s Sys=0.00s Real=0.00s
[2021-03-02T08:34:39.957-0700][gc,marking    ] GC(5) Concurrent Cleanup for Next Mark
[2021-03-02T08:34:39.959-0700][gc,marking    ] GC(5) Concurrent Cleanup for Next Mark 2.277ms
[2021-03-02T08:34:39.959-0700][gc            ] GC(5) Concurrent Cycle 19.867ms
[2021-03-02T09:02:55.382-0700][gc,heap,exit  ] Heap
[2021-03-02T09:02:55.382-0700][gc,heap,exit  ]  garbage-first heap   total 1048576K, used 190471K [0x00000000c0000000, 0x0000000100000000)
[2021-03-02T09:02:55.382-0700][gc,heap,exit  ]   region size 1024K, 48 young (49152K), 2 survivors (2048K)
[2021-03-02T09:02:55.382-0700][gc,heap,exit  ]  Metaspace       used 38493K, capacity 40304K, committed 40448K, reserved 1083392K
[2021-03-02T09:02:55.382-0700][gc,heap,exit  ]   class space    used 4764K, capacity 5616K, committed 5632K, reserved 1048576K
