[2021-03-02T09:20:50.527-0700][gc,heap] Heap region size: 1M
[2021-03-02T09:20:50.542-0700][gc     ] Using G1
[2021-03-02T09:20:50.542-0700][gc,heap,coops] Heap address: 0x00000000c0000000, size: 1024 MB, Compressed Oops mode: 32-bit
[2021-03-02T09:20:50.543-0700][gc,cds       ] Mark closed archive regions in map: [0x00000000ffc00000, 0x00000000ffc6aff8]
[2021-03-02T09:20:50.543-0700][gc,cds       ] Mark open archive regions in map: [0x00000000ff800000, 0x00000000ff846ff8]
[2021-03-02T09:20:51.111-0700][gc,heap,exit ] Heap
[2021-03-02T09:20:51.111-0700][gc,heap,exit ]  garbage-first heap   total 1048576K, used 25288K [0x00000000c0000000, 0x0000000100000000)
[2021-03-02T09:20:51.111-0700][gc,heap,exit ]   region size 1024K, 25 young (25600K), 0 survivors (0K)
[2021-03-02T09:20:51.111-0700][gc,heap,exit ]  Metaspace       used 8253K, capacity 8493K, committed 8832K, reserved 1056768K
[2021-03-02T09:20:51.111-0700][gc,heap,exit ]   class space    used 980K, capacity 1070K, committed 1152K, reserved 1048576K
