[2021-03-04T17:23:02.705-0700][gc,heap] Heap region size: 1M
[2021-03-04T17:23:02.710-0700][gc     ] Using G1
[2021-03-04T17:23:02.710-0700][gc,heap,coops] Heap address: 0x00000000e0000000, size: 512 MB, Compressed Oops mode: 32-bit
[2021-03-04T17:23:02.710-0700][gc,cds       ] Mark closed archive regions in map: [0x00000000ffc00000, 0x00000000ffc6aff8]
[2021-03-04T17:23:02.710-0700][gc,cds       ] Mark open archive regions in map: [0x00000000ff800000, 0x00000000ff846ff8]
[2021-03-04T17:23:03.071-0700][gc,heap,exit ] Heap
[2021-03-04T17:23:03.071-0700][gc,heap,exit ]  garbage-first heap   total 524288K, used 20168K [0x00000000e0000000, 0x0000000100000000)
[2021-03-04T17:23:03.071-0700][gc,heap,exit ]   region size 1024K, 20 young (20480K), 0 survivors (0K)
[2021-03-04T17:23:03.071-0700][gc,heap,exit ]  Metaspace       used 6969K, capacity 7290K, committed 7424K, reserved 1056768K
[2021-03-04T17:23:03.071-0700][gc,heap,exit ]   class space    used 795K, capacity 949K, committed 1024K, reserved 1048576K
