[2021-03-02T14:30:13.417-0700][gc,heap] Heap region size: 1M
[2021-03-02T14:30:13.426-0700][gc     ] Using G1
[2021-03-02T14:30:13.426-0700][gc,heap,coops] Heap address: 0x00000000e0000000, size: 512 MB, Compressed Oops mode: 32-bit
[2021-03-02T14:30:13.427-0700][gc,cds       ] Mark closed archive regions in map: [0x00000000ffc00000, 0x00000000ffc6aff8]
[2021-03-02T14:30:13.427-0700][gc,cds       ] Mark open archive regions in map: [0x00000000ff800000, 0x00000000ff846ff8]
[2021-03-02T14:30:14.859-0700][gc,start     ] GC(0) Pause Young (Normal) (G1 Evacuation Pause)
[2021-03-02T14:30:14.861-0700][gc,task      ] GC(0) Using 12 workers of 23 for evacuation
[2021-03-02T14:30:14.873-0700][gc,phases    ] GC(0)   Pre Evacuate Collection Set: 0.0ms
[2021-03-02T14:30:14.873-0700][gc,phases    ] GC(0)   Evacuate Collection Set: 11.8ms
[2021-03-02T14:30:14.873-0700][gc,phases    ] GC(0)   Post Evacuate Collection Set: 0.6ms
[2021-03-02T14:30:14.874-0700][gc,phases    ] GC(0)   Other: 1.6ms
[2021-03-02T14:30:14.874-0700][gc,heap      ] GC(0) Eden regions: 25->0(21)
[2021-03-02T14:30:14.874-0700][gc,heap      ] GC(0) Survivor regions: 0->4(4)
[2021-03-02T14:30:14.874-0700][gc,heap      ] GC(0) Old regions: 2->4
[2021-03-02T14:30:14.874-0700][gc,heap      ] GC(0) Humongous regions: 0->0
[2021-03-02T14:30:14.874-0700][gc,metaspace ] GC(0) Metaspace: 7607K->7607K(1056768K)
[2021-03-02T14:30:14.874-0700][gc           ] GC(0) Pause Young (Normal) (G1 Evacuation Pause) 25M->5M(512M) 14.191ms
[2021-03-02T14:30:14.874-0700][gc,cpu       ] GC(0) User=0.13s Sys=0.01s Real=0.02s
[2021-03-02T20:00:06.324-0700][gc,start     ] GC(1) Pause Young (Normal) (G1 Evacuation Pause)
[2021-03-02T20:00:06.324-0700][gc,task      ] GC(1) Using 12 workers of 23 for evacuation
[2021-03-02T20:00:06.337-0700][gc,phases    ] GC(1)   Pre Evacuate Collection Set: 0.9ms
[2021-03-02T20:00:06.337-0700][gc,phases    ] GC(1)   Evacuate Collection Set: 10.9ms
[2021-03-02T20:00:06.337-0700][gc,phases    ] GC(1)   Post Evacuate Collection Set: 0.9ms
[2021-03-02T20:00:06.337-0700][gc,phases    ] GC(1)   Other: 0.8ms
[2021-03-02T20:00:06.337-0700][gc,heap      ] GC(1) Eden regions: 21->0(24)
[2021-03-02T20:00:06.337-0700][gc,heap      ] GC(1) Survivor regions: 4->1(4)
[2021-03-02T20:00:06.337-0700][gc,heap      ] GC(1) Old regions: 4->8
[2021-03-02T20:00:06.337-0700][gc,heap      ] GC(1) Humongous regions: 0->0
[2021-03-02T20:00:06.337-0700][gc,metaspace ] GC(1) Metaspace: 8533K->8533K(1056768K)
[2021-03-02T20:00:06.337-0700][gc           ] GC(1) Pause Young (Normal) (G1 Evacuation Pause) 26M->6M(512M) 13.583ms
[2021-03-02T20:00:06.337-0700][gc,cpu       ] GC(1) User=0.12s Sys=0.01s Real=0.01s
[2021-03-03T05:40:35.125-0700][gc,start     ] GC(2) Pause Young (Normal) (G1 Evacuation Pause)
[2021-03-03T05:40:35.125-0700][gc,task      ] GC(2) Using 12 workers of 23 for evacuation
[2021-03-03T05:40:35.130-0700][gc,phases    ] GC(2)   Pre Evacuate Collection Set: 1.0ms
[2021-03-03T05:40:35.130-0700][gc,phases    ] GC(2)   Evacuate Collection Set: 2.4ms
[2021-03-03T05:40:35.130-0700][gc,phases    ] GC(2)   Post Evacuate Collection Set: 0.6ms
[2021-03-03T05:40:35.130-0700][gc,phases    ] GC(2)   Other: 0.8ms
[2021-03-03T05:40:35.130-0700][gc,heap      ] GC(2) Eden regions: 24->0(24)
[2021-03-03T05:40:35.130-0700][gc,heap      ] GC(2) Survivor regions: 1->1(4)
[2021-03-03T05:40:35.130-0700][gc,heap      ] GC(2) Old regions: 8->8
[2021-03-03T05:40:35.130-0700][gc,heap      ] GC(2) Humongous regions: 0->0
[2021-03-03T05:40:35.130-0700][gc,metaspace ] GC(2) Metaspace: 8536K->8536K(1056768K)
[2021-03-03T05:40:35.130-0700][gc           ] GC(2) Pause Young (Normal) (G1 Evacuation Pause) 30M->6M(512M) 4.867ms
[2021-03-03T05:40:35.130-0700][gc,cpu       ] GC(2) User=0.01s Sys=0.01s Real=0.00s
[2021-03-03T06:23:56.002-0700][gc,heap,exit ] Heap
[2021-03-03T06:23:56.002-0700][gc,heap,exit ]  garbage-first heap   total 524288K, used 10003K [0x00000000e0000000, 0x0000000100000000)
[2021-03-03T06:23:56.002-0700][gc,heap,exit ]   region size 1024K, 5 young (5120K), 1 survivors (1024K)
[2021-03-03T06:23:56.002-0700][gc,heap,exit ]  Metaspace       used 8540K, capacity 8847K, committed 8960K, reserved 1056768K
[2021-03-03T06:23:56.002-0700][gc,heap,exit ]   class space    used 905K, capacity 1015K, committed 1024K, reserved 1048576K
