[2021-03-02T09:26:55.550-0700][gc,heap] Heap region size: 1M
[2021-03-02T09:26:55.560-0700][gc     ] Using G1
[2021-03-02T09:26:55.560-0700][gc,heap,coops] Heap address: 0x00000000e0000000, size: 512 MB, Compressed Oops mode: 32-bit
[2021-03-02T09:26:55.560-0700][gc,cds       ] Mark closed archive regions in map: [0x00000000ffc00000, 0x00000000ffc6aff8]
[2021-03-02T09:26:55.560-0700][gc,cds       ] Mark open archive regions in map: [0x00000000ff800000, 0x00000000ff846ff8]
[2021-03-02T09:26:55.987-0700][gc,heap,exit ] Heap
[2021-03-02T09:26:55.987-0700][gc,heap,exit ]  garbage-first heap   total 524288K, used 16072K [0x00000000e0000000, 0x0000000100000000)
[2021-03-02T09:26:55.987-0700][gc,heap,exit ]   region size 1024K, 16 young (16384K), 0 survivors (0K)
[2021-03-02T09:26:55.987-0700][gc,heap,exit ]  Metaspace       used 6201K, capacity 6484K, committed 6784K, reserved 1056768K
[2021-03-02T09:26:55.987-0700][gc,heap,exit ]   class space    used 697K, capacity 808K, committed 896K, reserved 1048576K
