[2021-03-02T08:52:18.060-0700][gc,heap] Heap region size: 1M
[2021-03-02T08:52:18.069-0700][gc     ] Using G1
[2021-03-02T08:52:18.069-0700][gc,heap,coops] Heap address: 0x00000000e0000000, size: 512 MB, Compressed Oops mode: 32-bit
[2021-03-02T08:52:18.069-0700][gc,cds       ] Mark closed archive regions in map: [0x00000000ffc00000, 0x00000000ffc6aff8]
[2021-03-02T08:52:18.069-0700][gc,cds       ] Mark open archive regions in map: [0x00000000ff800000, 0x00000000ff846ff8]
[2021-03-02T08:52:18.713-0700][gc,start     ] GC(0) Pause Young (Normal) (G1 Evacuation Pause)
[2021-03-02T08:52:18.715-0700][gc,task      ] GC(0) Using 12 workers of 23 for evacuation
[2021-03-02T08:52:18.730-0700][gc,phases    ] GC(0)   Pre Evacuate Collection Set: 0.0ms
[2021-03-02T08:52:18.730-0700][gc,phases    ] GC(0)   Evacuate Collection Set: 13.5ms
[2021-03-02T08:52:18.730-0700][gc,phases    ] GC(0)   Post Evacuate Collection Set: 0.6ms
[2021-03-02T08:52:18.730-0700][gc,phases    ] GC(0)   Other: 2.1ms
[2021-03-02T08:52:18.730-0700][gc,heap      ] GC(0) Eden regions: 25->0(21)
[2021-03-02T08:52:18.730-0700][gc,heap      ] GC(0) Survivor regions: 0->4(4)
[2021-03-02T08:52:18.730-0700][gc,heap      ] GC(0) Old regions: 2->4
[2021-03-02T08:52:18.730-0700][gc,heap      ] GC(0) Humongous regions: 0->0
[2021-03-02T08:52:18.730-0700][gc,metaspace ] GC(0) Metaspace: 7578K->7578K(1056768K)
[2021-03-02T08:52:18.730-0700][gc           ] GC(0) Pause Young (Normal) (G1 Evacuation Pause) 25M->5M(512M) 16.366ms
[2021-03-02T08:52:18.730-0700][gc,cpu       ] GC(0) User=0.15s Sys=0.02s Real=0.01s
[2021-03-02T09:02:58.090-0700][gc,heap,exit ] Heap
[2021-03-02T09:02:58.090-0700][gc,heap,exit ]  garbage-first heap   total 524288K, used 12163K [0x00000000e0000000, 0x0000000100000000)
[2021-03-02T09:02:58.090-0700][gc,heap,exit ]   region size 1024K, 11 young (11264K), 4 survivors (4096K)
[2021-03-02T09:02:58.090-0700][gc,heap,exit ]  Metaspace       used 8022K, capacity 8391K, committed 8448K, reserved 1056768K
[2021-03-02T09:02:58.090-0700][gc,heap,exit ]   class space    used 884K, capacity 1015K, committed 1024K, reserved 1048576K
