[2021-03-02T08:33:52.762-0700][gc,heap] Heap region size: 1M
[2021-03-02T08:33:52.769-0700][gc     ] Using G1
[2021-03-02T08:33:52.769-0700][gc,heap,coops] Heap address: 0x00000000e0000000, size: 512 MB, Compressed Oops mode: 32-bit
[2021-03-02T08:33:52.769-0700][gc,cds       ] Mark closed archive regions in map: [0x00000000ffc00000, 0x00000000ffc6aff8]
[2021-03-02T08:33:52.769-0700][gc,cds       ] Mark open archive regions in map: [0x00000000ff800000, 0x00000000ff846ff8]
[2021-03-02T08:34:32.621-0700][gc,start     ] GC(0) Pause Young (Normal) (G1 Evacuation Pause)
[2021-03-02T08:34:32.623-0700][gc,task      ] GC(0) Using 12 workers of 23 for evacuation
[2021-03-02T08:34:32.635-0700][gc,phases    ] GC(0)   Pre Evacuate Collection Set: 0.0ms
[2021-03-02T08:34:32.635-0700][gc,phases    ] GC(0)   Evacuate Collection Set: 11.6ms
[2021-03-02T08:34:32.635-0700][gc,phases    ] GC(0)   Post Evacuate Collection Set: 0.6ms
[2021-03-02T08:34:32.635-0700][gc,phases    ] GC(0)   Other: 1.9ms
[2021-03-02T08:34:32.635-0700][gc,heap      ] GC(0) Eden regions: 25->0(21)
[2021-03-02T08:34:32.635-0700][gc,heap      ] GC(0) Survivor regions: 0->4(4)
[2021-03-02T08:34:32.635-0700][gc,heap      ] GC(0) Old regions: 2->4
[2021-03-02T08:34:32.635-0700][gc,heap      ] GC(0) Humongous regions: 0->0
[2021-03-02T08:34:32.635-0700][gc,metaspace ] GC(0) Metaspace: 7543K->7543K(1056768K)
[2021-03-02T08:34:32.635-0700][gc           ] GC(0) Pause Young (Normal) (G1 Evacuation Pause) 25M->5M(512M) 14.169ms
[2021-03-02T08:34:32.635-0700][gc,cpu       ] GC(0) User=0.13s Sys=0.01s Real=0.02s
[2021-03-02T08:49:32.744-0700][gc,heap,exit ] Heap
[2021-03-02T08:49:32.744-0700][gc,heap,exit ]  garbage-first heap   total 524288K, used 14253K [0x00000000e0000000, 0x0000000100000000)
[2021-03-02T08:49:32.744-0700][gc,heap,exit ]   region size 1024K, 13 young (13312K), 4 survivors (4096K)
[2021-03-02T08:49:32.744-0700][gc,heap,exit ]  Metaspace       used 8260K, capacity 8575K, committed 8704K, reserved 1056768K
[2021-03-02T08:49:32.744-0700][gc,heap,exit ]   class space    used 905K, capacity 1015K, committed 1024K, reserved 1048576K
